Component: ARM Compiler 5.06 update 7 (build 960) Tool: armlink [4d3601]

==============================================================================

Section Cross References

    startup_stm32f407xx.o(RESET) refers to startup_stm32f407xx.o(STACK) for __initial_sp
    startup_stm32f407xx.o(RESET) refers to startup_stm32f407xx.o(.text) for Reset_Handler
    startup_stm32f407xx.o(RESET) refers to stm32f4xx_it.o(i.NMI_Handler) for NMI_Handler
    startup_stm32f407xx.o(RESET) refers to stm32f4xx_it.o(i.HardFault_Handler) for HardFault_Handler
    startup_stm32f407xx.o(RESET) refers to stm32f4xx_it.o(i.MemManage_Handler) for MemManage_Handler
    startup_stm32f407xx.o(RESET) refers to stm32f4xx_it.o(i.BusFault_Handler) for BusFault_Handler
    startup_stm32f407xx.o(RESET) refers to stm32f4xx_it.o(i.UsageFault_Handler) for UsageFault_Handler
    startup_stm32f407xx.o(RESET) refers to stm32f4xx_it.o(i.SVC_Handler) for SVC_Handler
    startup_stm32f407xx.o(RESET) refers to stm32f4xx_it.o(i.DebugMon_Handler) for DebugMon_Handler
    startup_stm32f407xx.o(RESET) refers to stm32f4xx_it.o(i.PendSV_Handler) for PendSV_Handler
    startup_stm32f407xx.o(RESET) refers to stm32f4xx_it.o(i.SysTick_Handler) for SysTick_Handler
    startup_stm32f407xx.o(RESET) refers to stm32f4xx_it.o(i.DMA1_Stream5_IRQHandler) for DMA1_Stream5_IRQHandler
    startup_stm32f407xx.o(RESET) refers to stm32f4xx_it.o(i.USART3_IRQHandler) for USART3_IRQHandler
    startup_stm32f407xx.o(.text) refers to system_stm32f4xx_1.o(i.SystemInit) for SystemInit
    startup_stm32f407xx.o(.text) refers to entry.o(.ARM.Collect$$$$00000000) for __main
    ptc_uart3.o(i.Rx_chaine) refers to uart0_ringbuffer_lib.o(i.serInchar) for serInchar
    uart0_ringbuffer_lib.o(i.HAL_UART_RxCpltCallback) refers to stm32f4xx_hal_uart.o(i.HAL_UART_Receive_IT) for HAL_UART_Receive_IT
    uart0_ringbuffer_lib.o(i.HAL_UART_RxCpltCallback) refers to uart0_ringbuffer_lib.o(.bss) for in
    uart0_ringbuffer_lib.o(i.HAL_UART_RxCpltCallback) refers to main.o(.data) for rx_Buf
    uart0_ringbuffer_lib.o(i.HAL_UART_RxCpltCallback) refers to main.o(.bss) for huart3
    uart0_ringbuffer_lib.o(i.init_Serial_Buffer) refers to uart0_ringbuffer_lib.o(.bss) for inbuf
    uart0_ringbuffer_lib.o(i.serInchar) refers to uart0_ringbuffer_lib.o(.bss) for in
    uart0_ringbuffer_lib.o(i.serInchar_Bin) refers to uart0_ringbuffer_lib.o(.bss) for in
    ptc_geter_cmd.o(i.get_param) refers to strlen.o(.text) for strlen
    ptc_convertion.o(i.my_atoi) refers to strcmp.o(.text) for strcmp
    ptc_decodecmd.o(i.Cmd_epreuve_SD_stm32) refers to ptc_geter_cmd.o(i.get_param) for get_param
    ptc_decodecmd.o(i.Cmd_epreuve_SD_stm32) refers to strlen.o(.text) for strlen
    ptc_decodecmd.o(i.Cmd_epreuve_SD_stm32) refers to ptc_geter_cmd.o(i.get_complex_param) for get_complex_param
    ptc_decodecmd.o(i.Cmd_epreuve_SD_stm32) refers to strcmp.o(.text) for strcmp
    ptc_decodecmd.o(i.Cmd_epreuve_SD_stm32) refers to ptc_convertion.o(i.my_atoi) for my_atoi
    ptc_decodecmd.o(i.Cmd_epreuve_SD_stm32) refers to dfltui.o(.text) for __aeabi_ui2d
    ptc_decodecmd.o(i.Cmd_epreuve_SD_stm32) refers to dmul.o(.text) for __aeabi_dmul
    ptc_decodecmd.o(i.Cmd_epreuve_SD_stm32) refers to exp.o(i.__hardfp_exp) for __hardfp_exp
    ptc_decodecmd.o(i.Cmd_epreuve_SD_stm32) refers to dfixi.o(.text) for __aeabi_d2iz
    ptc_decodecmd.o(i.Cmd_epreuve_SD_stm32) refers to stm32f4xx_hal.o(i.HAL_GetTick) for HAL_GetTick
    ptc_decodecmd.o(i.Cmd_epreuve_SD_stm32) refers to main.o(.data) for Code_frequence
    main.o(i.MX_DAC_Init) refers to stm32f4xx_hal_dac.o(i.HAL_DAC_Init) for HAL_DAC_Init
    main.o(i.MX_DAC_Init) refers to main.o(i.Error_Handler) for Error_Handler
    main.o(i.MX_DAC_Init) refers to stm32f4xx_hal_dac.o(i.HAL_DAC_ConfigChannel) for HAL_DAC_ConfigChannel
    main.o(i.MX_DAC_Init) refers to main.o(.bss) for hdac
    main.o(i.MX_DMA_Init) refers to stm32f4xx_hal_cortex.o(i.HAL_NVIC_SetPriority) for HAL_NVIC_SetPriority
    main.o(i.MX_DMA_Init) refers to stm32f4xx_hal_cortex.o(i.HAL_NVIC_EnableIRQ) for HAL_NVIC_EnableIRQ
    main.o(i.MX_RTC_Init) refers to memseta.o(.text) for __aeabi_memclr4
    main.o(i.MX_RTC_Init) refers to stm32f4xx_hal_rtc.o(i.HAL_RTC_Init) for HAL_RTC_Init
    main.o(i.MX_RTC_Init) refers to main.o(i.Error_Handler) for Error_Handler
    main.o(i.MX_RTC_Init) refers to stm32f4xx_hal_rtc.o(i.HAL_RTC_SetTime) for HAL_RTC_SetTime
    main.o(i.MX_RTC_Init) refers to stm32f4xx_hal_rtc.o(i.HAL_RTC_SetDate) for HAL_RTC_SetDate
    main.o(i.MX_RTC_Init) refers to main.o(.bss) for hrtc
    main.o(i.MX_TIM6_Init) refers to stm32f4xx_hal_tim.o(i.HAL_TIM_Base_Init) for HAL_TIM_Base_Init
    main.o(i.MX_TIM6_Init) refers to main.o(i.Error_Handler) for Error_Handler
    main.o(i.MX_TIM6_Init) refers to stm32f4xx_hal_tim_ex.o(i.HAL_TIMEx_MasterConfigSynchronization) for HAL_TIMEx_MasterConfigSynchronization
[...]
    Removing stm32f4xx_hal_tim.o(i.HAL_TIM_PWM_Start), (268 bytes).
    Removing stm32f4xx_hal_tim.o(i.HAL_TIM_PWM_Start_DMA), (572 bytes).
    Removing stm32f4xx_hal_tim.o(i.HAL_TIM_PWM_Start_IT), (344 bytes).
    Removing stm32f4xx_hal_tim.o(i.HAL_TIM_PWM_Stop), (168 bytes).
    Removing stm32f4xx_hal_tim.o(i.HAL_TIM_PWM_Stop_DMA), (268 bytes).
    Removing stm32f4xx_hal_tim.o(i.HAL_TIM_PWM_Stop_IT), (244 bytes).
    Removing stm32f4xx_hal_tim.o(i.HAL_TIM_PeriodElapsedCallback), (2 bytes).
    Removing stm32f4xx_hal_tim.o(i.HAL_TIM_PeriodElapsedHalfCpltCallback), (2 bytes).
    Removing stm32f4xx_hal_tim.o(i.HAL_TIM_ReadCapturedValue), (50 bytes).
    Removing stm32f4xx_hal_tim.o(i.HAL_TIM_SlaveConfigSynchro), (108 bytes).
    Removing stm32f4xx_hal_tim.o(i.HAL_TIM_SlaveConfigSynchro_IT), (108 bytes).
    Removing stm32f4xx_hal_tim.o(i.HAL_TIM_TriggerCallback), (2 bytes).
    Removing stm32f4xx_hal_tim.o(i.HAL_TIM_TriggerHalfCpltCallback), (2 bytes).
    Removing stm32f4xx_hal_tim.o(i.TIM_CCxChannelCmd), (34 bytes).
    Removing stm32f4xx_hal_tim.o(i.TIM_DMACaptureCplt), (122 bytes).
    Removing stm32f4xx_hal_tim.o(i.TIM_DMACaptureHalfCplt), (64 bytes).
    Removing stm32f4xx_hal_tim.o(i.TIM_DMADelayPulseCplt), (104 bytes).
    Removing stm32f4xx_hal_tim.o(i.TIM_DMADelayPulseHalfCplt), (64 bytes).
    Removing stm32f4xx_hal_tim.o(i.TIM_DMAError), (94 bytes).
    Removing stm32f4xx_hal_tim.o(i.TIM_DMAPeriodElapsedCplt), (26 bytes).
    Removing stm32f4xx_hal_tim.o(i.TIM_DMAPeriodElapsedHalfCplt), (14 bytes).
    Removing stm32f4xx_hal_tim.o(i.TIM_DMATriggerCplt), (26 bytes).
    Removing stm32f4xx_hal_tim.o(i.TIM_DMATriggerHalfCplt), (14 bytes).
    Removing stm32f4xx_hal_tim.o(i.TIM_ETR_SetConfig), (22 bytes).
    Removing stm32f4xx_hal_tim.o(i.TIM_ITRx_SetConfig), (18 bytes).
    Removing stm32f4xx_hal_tim.o(i.TIM_OC1_SetConfig), (112 bytes).
    Removing stm32f4xx_hal_tim.o(i.TIM_OC2_SetConfig), (124 bytes).
    Removing stm32f4xx_hal_tim.o(i.TIM_OC3_SetConfig), (120 bytes).
    Removing stm32f4xx_hal_tim.o(i.TIM_OC4_SetConfig), (84 bytes).
    Removing stm32f4xx_hal_tim.o(i.TIM_SlaveTimer_SetConfig), (170 bytes).
    Removing stm32f4xx_hal_tim.o(i.TIM_TI1_ConfigInputStage), (38 bytes).
    Removing stm32f4xx_hal_tim.o(i.TIM_TI1_SetConfig), (144 bytes).
    Removing stm32f4xx_hal_tim.o(i.TIM_TI2_ConfigInputStage), (40 bytes).
    Removing stm32f4xx_hal_tim.o(i.TIM_TI2_SetConfig), (58 bytes).
    Removing stm32f4xx_hal_tim.o(i.TIM_TI3_SetConfig), (56 bytes).
    Removing stm32f4xx_hal_tim.o(i.TIM_TI4_SetConfig), (60 bytes).
    Removing stm32f4xx_hal_tim_ex.o(.rev16_text), (4 bytes).
    Removing stm32f4xx_hal_tim_ex.o(.revsh_text), (4 bytes).
    Removing stm32f4xx_hal_tim_ex.o(.rrx_text), (6 bytes).
    Removing stm32f4xx_hal_tim_ex.o(i.HAL_TIMEx_BreakCallback), (2 bytes).
    Removing stm32f4xx_hal_tim_ex.o(i.HAL_TIMEx_CommutCallback), (2 bytes).
    Removing stm32f4xx_hal_tim_ex.o(i.HAL_TIMEx_CommutHalfCpltCallback), (2 bytes).
    Removing stm32f4xx_hal_tim_ex.o(i.HAL_TIMEx_ConfigBreakDeadTime), (116 bytes).
    Removing stm32f4xx_hal_tim_ex.o(i.HAL_TIMEx_ConfigCommutEvent), (134 bytes).
    Removing stm32f4xx_hal_tim_ex.o(i.HAL_TIMEx_ConfigCommutEvent_DMA), (164 bytes).
    Removing stm32f4xx_hal_tim_ex.o(i.HAL_TIMEx_ConfigCommutEvent_IT), (134 bytes).
    Removing stm32f4xx_hal_tim_ex.o(i.HAL_TIMEx_GetChannelNState), (38 bytes).
    Removing stm32f4xx_hal_tim_ex.o(i.HAL_TIMEx_HallSensor_DeInit), (96 bytes).
    Removing stm32f4xx_hal_tim_ex.o(i.HAL_TIMEx_HallSensor_GetState), (8 bytes).
    Removing stm32f4xx_hal_tim_ex.o(i.HAL_TIMEx_HallSensor_Init), (234 bytes).
    Removing stm32f4xx_hal_tim_ex.o(i.HAL_TIMEx_HallSensor_MspDeInit), (2 bytes).
    Removing stm32f4xx_hal_tim_ex.o(i.HAL_TIMEx_HallSensor_MspInit), (2 bytes).
    Removing stm32f4xx_hal_tim_ex.o(i.HAL_TIMEx_HallSensor_Start), (216 bytes).
    Removing stm32f4xx_hal_tim_ex.o(i.HAL_TIMEx_HallSensor_Start_DMA), (280 bytes).
    Removing stm32f4xx_hal_tim_ex.o(i.HAL_TIMEx_HallSensor_Start_IT), (228 bytes).
    Removing stm32f4xx_hal_tim_ex.o(i.HAL_TIMEx_HallSensor_Stop), (78 bytes).
    Removing stm32f4xx_hal_tim_ex.o(i.HAL_TIMEx_HallSensor_Stop_DMA), (84 bytes).
    Removing stm32f4xx_hal_tim_ex.o(i.HAL_TIMEx_HallSensor_Stop_IT), (90 bytes).
    Removing stm32f4xx_hal_tim_ex.o(i.HAL_TIMEx_OCN_Start), (244 bytes).
    Removing stm32f4xx_hal_tim_ex.o(i.HAL_TIMEx_OCN_Start_DMA), (488 bytes).
    Removing stm32f4xx_hal_tim_ex.o(i.HAL_TIMEx_OCN_Start_IT), (312 bytes).
    Removing stm32f4xx_hal_tim_ex.o(i.HAL_TIMEx_OCN_Stop), (136 bytes).
    Removing stm32f4xx_hal_tim_ex.o(i.HAL_TIMEx_OCN_Stop_DMA), (212 bytes).
    Removing stm32f4xx_hal_tim_ex.o(i.HAL_TIMEx_OCN_Stop_IT), (218 bytes).
    Removing stm32f4xx_hal_tim_ex.o(i.HAL_TIMEx_OnePulseN_Start), (118 bytes).
    Removing stm32f4xx_hal_tim_ex.o(i.HAL_TIMEx_OnePulseN_Start_IT), (142 bytes).
    Removing stm32f4xx_hal_tim_ex.o(i.HAL_TIMEx_OnePulseN_Stop), (138 bytes).
    Removing stm32f4xx_hal_tim_ex.o(i.HAL_TIMEx_OnePulseN_Stop_IT), (162 bytes).
    Removing stm32f4xx_hal_tim_ex.o(i.HAL_TIMEx_PWMN_Start), (244 bytes).
    Removing stm32f4xx_hal_tim_ex.o(i.HAL_TIMEx_PWMN_Start_DMA), (488 bytes).
    Removing stm32f4xx_hal_tim_ex.o(i.HAL_TIMEx_PWMN_Start_IT), (312 bytes).
    Removing stm32f4xx_hal_tim_ex.o(i.HAL_TIMEx_PWMN_Stop), (136 bytes).
    Removing stm32f4xx_hal_tim_ex.o(i.HAL_TIMEx_PWMN_Stop_DMA), (212 bytes).
    Removing stm32f4xx_hal_tim_ex.o(i.HAL_TIMEx_PWMN_Stop_IT), (218 bytes).
    Removing stm32f4xx_hal_tim_ex.o(i.HAL_TIMEx_RemapConfig), (42 bytes).
    Removing stm32f4xx_hal_tim_ex.o(i.TIMEx_DMACommutationCplt), (20 bytes).
    Removing stm32f4xx_hal_tim_ex.o(i.TIMEx_DMACommutationHalfCplt), (20 bytes).
    Removing stm32f4xx_hal_tim_ex.o(i.TIM_CCxNChannelCmd), (34 bytes).
    Removing stm32f4xx_hal_tim_ex.o(i.TIM_DMADelayPulseNCplt), (104 bytes).
    Removing stm32f4xx_hal_tim_ex.o(i.TIM_DMAErrorCCxN), (68 bytes).
    Removing stm32f4xx_hal_uart.o(.rev16_text), (4 bytes).
    Removing stm32f4xx_hal_uart.o(.revsh_text), (4 bytes).
    Removing stm32f4xx_hal_uart.o(.rrx_text), (6 bytes).
    Removing stm32f4xx_hal_uart.o(i.HAL_HalfDuplex_EnableReceiver), (68 bytes).
    Removing stm32f4xx_hal_uart.o(i.HAL_HalfDuplex_EnableTransmitter), (68 bytes).
    Removing stm32f4xx_hal_uart.o(i.HAL_HalfDuplex_Init), (118 bytes).
    Removing stm32f4xx_hal_uart.o(i.HAL_LIN_Init), (142 bytes).
    Removing stm32f4xx_hal_uart.o(i.HAL_LIN_SendBreak), (62 bytes).
    Removing stm32f4xx_hal_uart.o(i.HAL_MultiProcessor_EnterMuteMode), (62 bytes).
    Removing stm32f4xx_hal_uart.o(i.HAL_MultiProcessor_ExitMuteMode), (62 bytes).
    Removing stm32f4xx_hal_uart.o(i.HAL_MultiProcessor_Init), (154 bytes).
    Removing stm32f4xx_hal_uart.o(i.HAL_UARTEx_ReceiveToIdle), (320 bytes).
    Removing stm32f4xx_hal_uart.o(i.HAL_UARTEx_ReceiveToIdle_DMA), (114 bytes).
    Removing stm32f4xx_hal_uart.o(i.HAL_UARTEx_ReceiveToIdle_IT), (114 bytes).
    Removing stm32f4xx_hal_uart.o(i.HAL_UART_Abort), (192 bytes).
    Removing stm32f4xx_hal_uart.o(i.HAL_UART_AbortCpltCallback), (2 bytes).
    Removing stm32f4xx_hal_uart.o(i.HAL_UART_AbortReceive), (124 bytes).
    Removing stm32f4xx_hal_uart.o(i.HAL_UART_AbortReceiveCpltCallback), (2 bytes).
    Removing stm32f4xx_hal_uart.o(i.HAL_UART_AbortReceive_IT), (148 bytes).
    Removing stm32f4xx_hal_uart.o(i.HAL_UART_AbortTransmit), (90 bytes).
    Removing stm32f4xx_hal_uart.o(i.HAL_UART_AbortTransmitCpltCallback), (2 bytes).
    Removing stm32f4xx_hal_uart.o(i.HAL_UART_AbortTransmit_IT), (108 bytes).
    Removing stm32f4xx_hal_uart.o(i.HAL_UART_Abort_IT), (248 bytes).
    Removing stm32f4xx_hal_uart.o(i.HAL_UART_DMAPause), (124 bytes).
    Removing stm32f4xx_hal_uart.o(i.HAL_UART_DMAResume), (126 bytes).
    Removing stm32f4xx_hal_uart.o(i.HAL_UART_DMAStop), (102 bytes).
    Removing stm32f4xx_hal_uart.o(i.HAL_UART_DeInit), (60 bytes).
    Removing stm32f4xx_hal_uart.o(i.HAL_UART_GetError), (6 bytes).
    Removing stm32f4xx_hal_uart.o(i.HAL_UART_GetState), (20 bytes).
    Removing stm32f4xx_hal_uart.o(i.HAL_UART_MspDeInit), (2 bytes).
    Removing stm32f4xx_hal_uart.o(i.HAL_UART_MspInit), (2 bytes).
    Removing stm32f4xx_hal_uart.o(i.HAL_UART_Receive), (220 bytes).
    Removing stm32f4xx_hal_uart.o(i.HAL_UART_Receive_DMA), (66 bytes).
    Removing stm32f4xx_hal_uart.o(i.HAL_UART_RxCpltCallback), (2 bytes).
    Removing stm32f4xx_hal_uart.o(i.HAL_UART_RxHalfCpltCallback), (2 bytes).
    Removing stm32f4xx_hal_uart.o(i.HAL_UART_Transmit_DMA), (156 bytes).
    Removing stm32f4xx_hal_uart.o(i.HAL_UART_Transmit_IT), (88 bytes).
    Removing stm32f4xx_hal_uart.o(i.HAL_UART_TxCpltCallback), (2 bytes).
    Removing stm32f4xx_hal_uart.o(i.HAL_UART_TxHalfCpltCallback), (2 bytes).
    Removing stm32f4xx_hal_uart.o(i.UART_DMAError), (80 bytes).
    Removing stm32f4xx_hal_uart.o(i.UART_DMAReceiveCplt), (104 bytes).
    Removing stm32f4xx_hal_uart.o(i.UART_DMARxAbortCallback), (56 bytes).
    Removing stm32f4xx_hal_uart.o(i.UART_DMARxHalfCplt), (32 bytes).
    Removing stm32f4xx_hal_uart.o(i.UART_DMARxOnlyAbortCallback), (28 bytes).
    Removing stm32f4xx_hal_uart.o(i.UART_DMATransmitCplt), (54 bytes).
    Removing stm32f4xx_hal_uart.o(i.UART_DMATxAbortCallback), (56 bytes).
    Removing stm32f4xx_hal_uart.o(i.UART_DMATxHalfCplt), (14 bytes).
    Removing stm32f4xx_hal_uart.o(i.UART_DMATxOnlyAbortCallback), (24 bytes).
    Removing stm32f4xx_hal_uart.o(i.UART_EndTxTransfer), (20 bytes).
    Removing stm32f4xx_hal_uart.o(i.UART_Start_Receive_DMA), (152 bytes).
    Removing system_stm32f4xx_1.o(.rev16_text), (4 bytes).
    Removing system_stm32f4xx_1.o(.revsh_text), (4 bytes).
    Removing system_stm32f4xx_1.o(.rrx_text), (6 bytes).
    Removing system_stm32f4xx_1.o(i.SystemCoreClockUpdate), (192 bytes).

496 unused section(s) (total 44554 bytes) removed from the image.

==============================================================================

Image Symbol Table

    Local Symbols

    Symbol Name                              Value     Ov Type        Size  Object(Section)

    ../Core/Src/main.c                       0x00000000   Number         0  main.o ABSOLUTE
    ../Core/Src/stm32f4xx_hal_msp.c          0x00000000   Number         0  stm32f4xx_hal_msp.o ABSOLUTE
    ../Core/Src/stm32f4xx_it.c               0x00000000   Number         0  stm32f4xx_it.o ABSOLUTE
    ../Core/Src/system_stm32f4xx.c           0x00000000   Number         0  system_stm32f4xx_1.o ABSOLUTE
    ../Drivers/STM32F4xx_HAL_Driver/Src/stm32f4xx_hal.c 0x00000000   Number         0  stm32f4xx_hal.o ABSOLUTE
    ../Drivers/STM32F4xx_HAL_Driver/Src/stm32f4xx_hal_cortex.c 0x00000000   Number         0  stm32f4xx_hal_cortex.o ABSOLUTE
    ../Drivers/STM32F4xx_HAL_Driver/Src/stm32f4xx_hal_dac.c 0x00000000   Number         0  stm32f4xx_hal_dac.o ABSOLUTE
    ../Drivers/STM32F4xx_HAL_Driver/Src/stm32f4xx_hal_dac_ex.c 0x00000000   Number         0  stm32f4xx_hal_dac_ex.o ABSOLUTE
    ../Drivers/STM32F4xx_HAL_Driver/Src/stm32f4xx_hal_dma.c 0x00000000   Number         0  stm32f4xx_hal_dma.o ABSOLUTE
    ../Drivers/STM32F4xx_HAL_Driver/Src/stm32f4xx_hal_dma_ex.c 0x00000000   Number         0  stm32f4xx_hal_dma_ex.o ABSOLUTE
    ../Drivers/STM32F4xx_HAL_Driver/Src/stm32f4xx_hal_exti.c 0x00000000   Number         0  stm32f4xx_hal_exti.o ABSOLUTE
    ../Drivers/STM32F4xx_HAL_Driver/Src/stm32f4xx_hal_flash.c 0x00000000   Number         0  stm32f4xx_hal_flash.o ABSOLUTE
    ../Drivers/STM32F4xx_HAL_Driver/Src/stm32f4xx_hal_flash_ex.c 0x00000000   Number         0  stm32f4xx_hal_flash_ex.o ABSOLUTE
    ../Drivers/STM32F4xx_HAL_Driver/Src/stm32f4xx_hal_flash_ramfunc.c 0x00000000   Number         0  stm32f4xx_hal_flash_ramfunc.o ABSOLUTE
    ../Drivers/STM32F4xx_HAL_Driver/Src/stm32f4xx_hal_gpio.c 0x00000000   Number         0  stm32f4xx_hal_gpio.o ABSOLUTE
    ../Drivers/STM32F4xx_HAL_Driver/Src/stm32f4xx_hal_pwr.c 0x00000000   Number         0  stm32f4xx_hal_pwr.o ABSOLUTE
    ../Drivers/STM32F4xx_HAL_Driver/Src/stm32f4xx_hal_pwr_ex.c 0x00000000   Number         0  stm32f4xx_hal_pwr_ex.o ABSOLUTE
    ../Drivers/STM32F4xx_HAL_Driver/Src/stm32f4xx_hal_rcc.c 0x00000000   Number         0  stm32f4xx_hal_rcc.o ABSOLUTE
    ../Drivers/STM32F4xx_HAL_Driver/Src/stm32f4xx_hal_rcc_ex.c 0x00000000   Number         0  stm32f4xx_hal_rcc_ex.o ABSOLUTE
    ../Drivers/STM32F4xx_HAL_Driver/Src/stm32f4xx_hal_rtc.c 0x00000000   Number         0  stm32f4xx_hal_rtc.o ABSOLUTE
    ../Drivers/STM32F4xx_HAL_Driver/Src/stm32f4xx_hal_rtc_ex.c 0x00000000   Number         0  stm32f4xx_hal_rtc_ex.o ABSOLUTE
    ../Drivers/STM32F4xx_HAL_Driver/Src/stm32f4xx_hal_tim.c 0x00000000   Number         0  stm32f4xx_hal_tim.o ABSOLUTE
    ../Drivers/STM32F4xx_HAL_Driver/Src/stm32f4xx_hal_tim_ex.c 0x00000000   Number         0  stm32f4xx_hal_tim_ex.o ABSOLUTE
    ../Drivers/STM32F4xx_HAL_Driver/Src/stm32f4xx_hal_uart.c 0x00000000   Number         0  stm32f4xx_hal_uart.o ABSOLUTE
    ../clib/microlib/division.c              0x00000000   Number         0  uldiv.o ABSOLUTE
    ../clib/microlib/errno.c                 0x00000000   Number         0  errno.o ABSOLUTE
    ../clib/microlib/init/entry.s            0x00000000   Number         0  entry5.o ABSOLUTE
    ../clib/microlib/init/entry.s            0x00000000   Number         0  entry11a.o ABSOLUTE
    ../clib/microlib/init/entry.s            0x00000000   Number         0  entry10b.o ABSOLUTE
    ../clib/microlib/init/entry.s            0x00000000   Number         0  entry12b.o ABSOLUTE
    ../clib/microlib/init/entry.s            0x00000000   Number         0  entry12a.o ABSOLUTE
    ../clib/microlib/init/entry.s            0x00000000   Number         0  entry11b.o ABSOLUTE
    ../clib/microlib/init/entry.s            0x00000000   Number         0  entry10a.o ABSOLUTE
    ../clib/microlib/init/entry.s            0x00000000   Number         0  entry9b.o ABSOLUTE
    ../clib/microlib/init/entry.s            0x00000000   Number         0  entry9a.o ABSOLUTE
    ../clib/microlib/init/entry.s            0x00000000   Number         0  entry8b.o ABSOLUTE
    ../clib/microlib/init/entry.s            0x00000000   Number         0  entry.o ABSOLUTE
    ../clib/microlib/init/entry.s            0x00000000   Number         0  entry2.o ABSOLUTE
    ../clib/microlib/init/entry.s            0x00000000   Number         0  entry7b.o ABSOLUTE
    ../clib/microlib/init/entry.s            0x00000000   Number         0  entry7a.o ABSOLUTE
    ../clib/microlib/init/entry.s            0x00000000   Number         0  entry8a.o ABSOLUTE
    ../clib/microlib/longlong.c              0x00000000   Number         0  llushr.o ABSOLUTE
    ../clib/microlib/longlong.c              0x00000000   Number         0  llshl.o ABSOLUTE
    ../clib/microlib/longlong.c              0x00000000   Number         0  llsshr.o ABSOLUTE
    ../clib/microlib/string/memset.c         0x00000000   Number         0  memseta.o ABSOLUTE
    ../clib/microlib/string/strcmp.c         0x00000000   Number         0  strcmp.o ABSOLUTE
    ../clib/microlib/string/strlen.c         0x00000000   Number         0  strlen.o ABSOLUTE
    ../clib/microlib/stubs.s                 0x00000000   Number         0  iusefp.o ABSOLUTE
    ../fplib/microlib/fpadd.c                0x00000000   Number         0  dadd.o ABSOLUTE
    ../fplib/microlib/fpdiv.c                0x00000000   Number         0  ddiv.o ABSOLUTE
    ../fplib/microlib/fpepilogue.c           0x00000000   Number         0  depilogue.o ABSOLUTE
    ../fplib/microlib/fpfix.c                0x00000000   Number         0  dfixi.o ABSOLUTE
    ../fplib/microlib/fpflt.c                0x00000000   Number         0  dfltui.o ABSOLUTE
    ../fplib/microlib/fpflt.c                0x00000000   Number         0  dflti.o ABSOLUTE
    ../fplib/microlib/fpmul.c                0x00000000   Number         0  dmul.o ABSOLUTE
    ../mathlib/dunder.c                      0x00000000   Number         0  dunder.o ABSOLUTE
    ../mathlib/exp.c                         0x00000000   Number         0  exp_x.o ABSOLUTE
    ../mathlib/exp.c                         0x00000000   Number         0  exp.o ABSOLUTE
    ../mathlib/fpclassify.c                  0x00000000   Number         0  fpclassify.o ABSOLUTE
    ../mathlib/poly.c                        0x00000000   Number         0  poly.o ABSOLUTE
    ../mathlib/qnan.c                        0x00000000   Number         0  qnan.o ABSOLUTE
    ..\Core\Src\PTC_UART3.c                  0x00000000   Number         0  ptc_uart3.o ABSOLUTE
    ..\Core\Src\PTC_convertion.c             0x00000000   Number         0  ptc_convertion.o ABSOLUTE
    ..\Core\Src\PTC_decodeCmd.c              0x00000000   Number         0  ptc_decodecmd.o ABSOLUTE
    ..\Core\Src\PTC_geter_cmd.c              0x00000000   Number         0  ptc_geter_cmd.o ABSOLUTE
    ..\Core\Src\UART0_RingBuffer_lib.c       0x00000000   Number         0  uart0_ringbuffer_lib.o ABSOLUTE
    ..\Core\Src\main.c                       0x00000000   Number         0  main.o ABSOLUTE
    ..\Core\Src\stm32f4xx_hal_msp.c          0x00000000   Number         0  stm32f4xx_hal_msp.o ABSOLUTE
    ..\Core\Src\stm32f4xx_it.c               0x00000000   Number         0  stm32f4xx_it.o ABSOLUTE
    ..\Core\Src\system_stm32f4xx.c           0x00000000   Number         0  system_stm32f4xx_1.o ABSOLUTE
    ..\Drivers\STM32F4xx_HAL_Driver\Src\stm32f4xx_hal.c 0x00000000   Number         0  stm32f4xx_hal.o ABSOLUTE
    ..\Drivers\STM32F4xx_HAL_Driver\Src\stm32f4xx_hal_cortex.c 0x00000000   Number         0  stm32f4xx_hal_cortex.o ABSOLUTE
    ..\Drivers\STM32F4xx_HAL_Driver\Src\stm32f4xx_hal_dac.c 0x00000000   Number         0  stm32f4xx_hal_dac.o ABSOLUTE
    ..\Drivers\STM32F4xx_HAL_Driver\Src\stm32f4xx_hal_dac_ex.c 0x00000000   Number         0  stm32f4xx_hal_dac_ex.o ABSOLUTE
    ..\Drivers\STM32F4xx_HAL_Driver\Src\stm32f4xx_hal_dma.c 0x00000000   Number         0  stm32f4xx_hal_dma.o ABSOLUTE
    ..\Drivers\STM32F4xx_HAL_Driver\Src\stm32f4xx_hal_dma_ex.c 0x00000000   Number         0  stm32f4xx_hal_dma_ex.o ABSOLUTE
    ..\Drivers\STM32F4xx_HAL_Driver\Src\stm32f4xx_hal_exti.c 0x00000000   Number         0  stm32f4xx_hal_exti.o ABSOLUTE
    ..\Drivers\STM32F4xx_HAL_Driver\Src\stm32f4xx_hal_flash.c 0x00000000   Number         0  stm32f4xx_hal_flash.o ABSOLUTE
    ..\Drivers\STM32F4xx_HAL_Driver\Src\stm32f4xx_hal_flash_ex.c 0x00000000   Number         0  stm32f4xx_hal_flash_ex.o ABSOLUTE
    ..\Drivers\STM32F4xx_HAL_Driver\Src\stm32f4xx_hal_flash_ramfunc.c 0x00000000   Number         0  stm32f4xx_hal_flash_ramfunc.o ABSOLUTE
    ..\Drivers\STM32F4xx_HAL_Driver\Src\stm32f4xx_hal_gpio.c 0x00000000   Number         0  stm32f4xx_hal_gpio.o ABSOLUTE
    ..\Drivers\STM32F4xx_HAL_Driver\Src\stm32f4xx_hal_pwr.c 0x00000000   Number         0  stm32f4xx_hal_pwr.o ABSOLUTE
    ..\Drivers\STM32F4xx_HAL_Driver\Src\stm32f4xx_hal_pwr_ex.c 0x00000000   Number         0  stm32f4xx_hal_pwr_ex.o ABSOLUTE
    ..\Drivers\STM32F4xx_HAL_Driver\Src\stm32f4xx_hal_rcc.c 0x00000000   Number         0  stm32f4xx_hal_rcc.o ABSOLUTE
    ..\Drivers\STM32F4xx_HAL_Driver\Src\stm32f4xx_hal_rcc_ex.c 0x00000000   Number         0  stm32f4xx_hal_rcc_ex.o ABSOLUTE
    ..\Drivers\STM32F4xx_HAL_Driver\Src\stm32f4xx_hal_rtc.c 0x00000000   Number         0  stm32f4xx_hal_rtc.o ABSOLUTE
    ..\Drivers\STM32F4xx_HAL_Driver\Src\stm32f4xx_hal_rtc_ex.c 0x00000000   Number         0  stm32f4xx_hal_rtc_ex.o ABSOLUTE
    ..\Drivers\STM32F4xx_HAL_Driver\Src\stm32f4xx_hal_tim.c 0x00000000   Number         0  stm32f4xx_hal_tim.o ABSOLUTE
    ..\Drivers\STM32F4xx_HAL_Driver\Src\stm32f4xx_hal_tim_ex.c 0x00000000   Number         0  stm32f4xx_hal_tim_ex.o ABSOLUTE
    ..\Drivers\STM32F4xx_HAL_Driver\Src\stm32f4xx_hal_uart.c 0x00000000   Number         0  stm32f4xx_hal_uart.o ABSOLUTE
    ..\\Core\\Src\\PTC_decodeCmd.c           0x00000000   Number         0  ptc_decodecmd.o ABSOLUTE
    ..\\Core\\Src\\UART0_RingBuffer_lib.c    0x00000000   Number         0  uart0_ringbuffer_lib.o ABSOLUTE
    cdcmple.s                                0x00000000   Number         0  cdcmple.o ABSOLUTE
    cdrcmple.s                               0x00000000   Number         0  cdrcmple.o ABSOLUTE
    dc.s                                     0x00000000   Number         0  dc.o ABSOLUTE
    handlers.s                               0x00000000   Number         0  handlers.o ABSOLUTE
    init.s                                   0x00000000   Number         0  init.o ABSOLUTE
    startup_stm32f407xx.s                    0x00000000   Number         0  startup_stm32f407xx.o ABSOLUTE
    RESET                                    0x08000000   Section      392  startup_stm32f407xx.o(RESET)
    .ARM.Collect$$$$00000000                 0x08000188   Section        0  entry.o(.ARM.Collect$$$$00000000)
    .ARM.Collect$$$$00000001                 0x08000188   Section        4  entry2.o(.ARM.Collect$$$$00000001)
    .ARM.Collect$$$$00000004                 0x0800018c   Section        4  entry5.o(.ARM.Collect$$$$00000004)
    .ARM.Collect$$$$00000008                 0x08000190   Section        0  entry7b.o(.ARM.Collect$$$$00000008)
    .ARM.Collect$$$$0000000A                 0x08000190   Section        0  entry8b.o(.ARM.Collect$$$$0000000A)
    .ARM.Collect$$$$0000000B                 0x08000190   Section        8  entry9a.o(.ARM.Collect$$$$0000000B)
    .ARM.Collect$$$$0000000E                 0x08000198   Section        4  entry12b.o(.ARM.Collect$$$$0000000E)
    .ARM.Collect$$$$0000000F                 0x0800019c   Section        0  entry10a.o(.ARM.Collect$$$$0000000F)
    .ARM.Collect$$$$00000011                 0x0800019c   Section        0  entry11a.o(.ARM.Collect$$$$00000011)
    .ARM.Collect$$$$00002712                 0x0800019c   Section        4  entry2.o(.ARM.Collect$$$$00002712)
    __lit__00000000                          0x0800019c   Data           4  entry2.o(.ARM.Collect$$$$00002712)
    .text                                    0x080001a0   Section       36  startup_stm32f407xx.o(.text)
    $v0                                      0x080001a0   Number         0  startup_stm32f407xx.o(.text)
    .text                                    0x080001c4   Section        0  uldiv.o(.text)
    .text                                    0x08000226   Section        0  memseta.o(.text)
    .text                                    0x0800024a   Section        0  strlen.o(.text)
    .text                                    0x08000258   Section        0  strcmp.o(.text)
    .text                                    0x08000274   Section        0  dmul.o(.text)
    .text                                    0x08000358   Section        0  dfltui.o(.text)
    .text                                    0x08000372   Section        0  dfixi.o(.text)
    .text                                    0x080003b0   Section        0  llshl.o(.text)
    .text                                    0x080003ce   Section        0  llushr.o(.text)
    .text                                    0x080003ee   Section        0  depilogue.o(.text)
    .text                                    0x080003ee   Section        0  iusefp.o(.text)
    .text                                    0x080004a8   Section        0  dadd.o(.text)
    .text                                    0x080005f6   Section        0  ddiv.o(.text)
    .text                                    0x080006d4   Section        0  dflti.o(.text)
    .text                                    0x080006f8   Section       48  cdcmple.o(.text)
    .text                                    0x08000728   Section       48  cdrcmple.o(.text)
    .text                                    0x08000758   Section       36  init.o(.text)
    .text                                    0x0800077c   Section        0  llsshr.o(.text)
    i.BusFault_Handler                       0x080007a0   Section        0  stm32f4xx_it.o(i.BusFault_Handler)
    i.Cmd_epreuve_SD_stm32                   0x080007a4   Section        0  ptc_decodecmd.o(i.Cmd_epreuve_SD_stm32)
    i.DAC_DMAConvCpltCh1                     0x0800090c   Section        0  stm32f4xx_hal_dac.o(i.DAC_DMAConvCpltCh1)
    i.DAC_DMAConvCpltCh2                     0x0800091e   Section        0  stm32f4xx_hal_dac_ex.o(i.DAC_DMAConvCpltCh2)
    i.DAC_DMAErrorCh1                        0x08000930   Section        0  stm32f4xx_hal_dac.o(i.DAC_DMAErrorCh1)
    i.DAC_DMAErrorCh2                        0x0800094a   Section        0  stm32f4xx_hal_dac_ex.o(i.DAC_DMAErrorCh2)
    i.DAC_DMAHalfConvCpltCh1                 0x08000964   Section        0  stm32f4xx_hal_dac.o(i.DAC_DMAHalfConvCpltCh1)
    i.DAC_DMAHalfConvCpltCh2                 0x08000972   Section        0  stm32f4xx_hal_dac_ex.o(i.DAC_DMAHalfConvCpltCh2)
    i.DMA1_Stream5_IRQHandler                0x08000980   Section        0  stm32f4xx_it.o(i.DMA1_Stream5_IRQHandler)
    i.DMA_CalcBaseAndBitshift                0x08000990   Section        0  stm32f4xx_hal_dma.o(i.DMA_CalcBaseAndBitshift)
    DMA_CalcBaseAndBitshift                  0x08000991   Thumb Code    46  stm32f4xx_hal_dma.o(i.DMA_CalcBaseAndBitshift)
    i.DMA_CheckFifoParam                     0x080009c4   Section        0  stm32f4xx_hal_dma.o(i.DMA_CheckFifoParam)
    DMA_CheckFifoParam                       0x080009c5   Thumb Code   170  stm32f4xx_hal_dma.o(i.DMA_CheckFifoParam)
    i.DMA_SetConfig                          0x08000a6e   Section        0  stm32f4xx_hal_dma.o(i.DMA_SetConfig)
    DMA_SetConfig                            0x08000a6f   Thumb Code    44  stm32f4xx_hal_dma.o(i.DMA_SetConfig)
    i.DebugMon_Handler                       0x08000a9a   Section        0  stm32f4xx_it.o(i.DebugMon_Handler)
    i.Error_Handler                          0x08000a9c   Section        0  main.o(i.Error_Handler)
    i.HAL_DACEx_ConvCpltCallbackCh2          0x08000aa2   Section        0  stm32f4xx_hal_dac_ex.o(i.HAL_DACEx_ConvCpltCallbackCh2)
    i.HAL_DACEx_ConvHalfCpltCallbackCh2      0x08000aa4   Section        0  stm32f4xx_hal_dac_ex.o(i.HAL_DACEx_ConvHalfCpltCallbackCh2)
    i.HAL_DACEx_ErrorCallbackCh2             0x08000aa6   Section        0  stm32f4xx_hal_dac_ex.o(i.HAL_DACEx_ErrorCallbackCh2)
    i.HAL_DAC_ConfigChannel                  0x08000aa8   Section        0  stm32f4xx_hal_dac.o(i.HAL_DAC_ConfigChannel)
    i.HAL_DAC_ConvCpltCallbackCh1            0x08000b0a   Section        0  stm32f4xx_hal_dac.o(i.HAL_DAC_ConvCpltCallbackCh1)
    i.HAL_DAC_ConvHalfCpltCallbackCh1        0x08000b0c   Section        0  stm32f4xx_hal_dac.o(i.HAL_DAC_ConvHalfCpltCallbackCh1)
    i.HAL_DAC_ErrorCallbackCh1               0x08000b0e   Section        0  stm32f4xx_hal_dac.o(i.HAL_DAC_ErrorCallbackCh1)
    i.HAL_DAC_Init                           0x08000b10   Section        0  stm32f4xx_hal_dac.o(i.HAL_DAC_Init)
    i.HAL_DAC_MspInit                        0x08000b38   Section        0  stm32f4xx_hal_msp.o(i.HAL_DAC_MspInit)
    i.HAL_DAC_Start_DMA                      0x08000c00   Section        0  stm32f4xx_hal_dac.o(i.HAL_DAC_Start_DMA)
    i.HAL_DAC_Stop_DMA                       0x08000d3c   Section        0  stm32f4xx_hal_dac.o(i.HAL_DAC_Stop_DMA)
    i.HAL_DMA_Abort                          0x08000d98   Section        0  stm32f4xx_hal_dma.o(i.HAL_DMA_Abort)
    i.HAL_DMA_Abort_IT                       0x08000e42   Section        0  stm32f4xx_hal_dma.o(i.HAL_DMA_Abort_IT)
    i.HAL_DMA_IRQHandler                     0x08000e6c   Section        0  stm32f4xx_hal_dma.o(i.HAL_DMA_IRQHandler)
    i.HAL_DMA_Init                           0x080010ac   Section        0  stm32f4xx_hal_dma.o(i.HAL_DMA_Init)
    i.HAL_DMA_Start_IT                       0x08001198   Section        0  stm32f4xx_hal_dma.o(i.HAL_DMA_Start_IT)
    i.HAL_GPIO_Init                          0x0800122c   Section        0  stm32f4xx_hal_gpio.o(i.HAL_GPIO_Init)
    i.HAL_GetTick                            0x08001430   Section        0  stm32f4xx_hal.o(i.HAL_GetTick)
    i.HAL_IncTick                            0x0800143c   Section        0  stm32f4xx_hal.o(i.HAL_IncTick)
    i.HAL_Init                               0x08001454   Section        0  stm32f4xx_hal.o(i.HAL_Init)
    i.HAL_InitTick                           0x08001490   Section        0  stm32f4xx_hal.o(i.HAL_InitTick)
    i.HAL_MspInit                            0x080014dc   Section        0  stm32f4xx_hal_msp.o(i.HAL_MspInit)
    i.HAL_NVIC_EnableIRQ                     0x08001524   Section        0  stm32f4xx_hal_cortex.o(i.HAL_NVIC_EnableIRQ)
    i.HAL_NVIC_SetPriority                   0x08001544   Section        0  stm32f4xx_hal_cortex.o(i.HAL_NVIC_SetPriority)
    i.HAL_NVIC_SetPriorityGrouping           0x080015c0   Section        0  stm32f4xx_hal_cortex.o(i.HAL_NVIC_SetPriorityGrouping)
    i.HAL_RCCEx_PeriphCLKConfig              0x080015e8   Section        0  stm32f4xx_hal_rcc_ex.o(i.HAL_RCCEx_PeriphCLKConfig)
    i.HAL_RCC_ClockConfig                    0x08001788   Section        0  stm32f4xx_hal_rcc.o(i.HAL_RCC_ClockConfig)
    i.HAL_RCC_GetHCLKFreq                    0x0800190c   Section        0  stm32f4xx_hal_rcc.o(i.HAL_RCC_GetHCLKFreq)
    i.HAL_RCC_GetPCLK1Freq                   0x08001918   Section        0  stm32f4xx_hal_rcc.o(i.HAL_RCC_GetPCLK1Freq)
    i.HAL_RCC_GetPCLK2Freq                   0x08001938   Section        0  stm32f4xx_hal_rcc.o(i.HAL_RCC_GetPCLK2Freq)
    i.HAL_RCC_GetSysClockFreq                0x08001958   Section        0  stm32f4xx_hal_rcc.o(i.HAL_RCC_GetSysClockFreq)
    i.HAL_RCC_OscConfig                      0x08001a08   Section        0  stm32f4xx_hal_rcc.o(i.HAL_RCC_OscConfig)
    i.HAL_RTC_Init                           0x08001ea4   Section        0  stm32f4xx_hal_rtc.o(i.HAL_RTC_Init)
    i.HAL_RTC_MspInit                        0x08001f7c   Section        0  stm32f4xx_hal_msp.o(i.HAL_RTC_MspInit)
    i.HAL_RTC_SetDate                        0x08001f94   Section        0  stm32f4xx_hal_rtc.o(i.HAL_RTC_SetDate)
    i.HAL_RTC_SetTime                        0x08002098   Section        0  stm32f4xx_hal_rtc.o(i.HAL_RTC_SetTime)
    i.HAL_RTC_WaitForSynchro                 0x080021c4   Section        0  stm32f4xx_hal_rtc.o(i.HAL_RTC_WaitForSynchro)
    i.HAL_SYSTICK_Config                     0x080021fe   Section        0  stm32f4xx_hal_cortex.o(i.HAL_SYSTICK_Config)
    i.HAL_TIMEx_MasterConfigSynchronization  0x08002234   Section        0  stm32f4xx_hal_tim_ex.o(i.HAL_TIMEx_MasterConfigSynchronization)
    i.HAL_TIM_Base_Init                      0x080022e8   Section        0  stm32f4xx_hal_tim.o(i.HAL_TIM_Base_Init)
    i.HAL_TIM_Base_MspInit                   0x08002350   Section        0  stm32f4xx_hal_msp.o(i.HAL_TIM_Base_MspInit)
    i.HAL_TIM_Base_Start                     0x08002384   Section        0  stm32f4xx_hal_tim.o(i.HAL_TIM_Base_Start)
    i.HAL_UARTEx_RxEventCallback             0x08002420   Section        0  stm32f4xx_hal_uart.o(i.HAL_UARTEx_RxEventCallback)
    i.HAL_UART_ErrorCallback                 0x08002422   Section        0  stm32f4xx_hal_uart.o(i.HAL_UART_ErrorCallback)
    i.HAL_UART_IRQHandler                    0x08002424   Section        0  stm32f4xx_hal_uart.o(i.HAL_UART_IRQHandler)
    i.HAL_UART_Init                          0x08002674   Section        0  stm32f4xx_hal_uart.o(i.HAL_UART_Init)
    i.HAL_UART_MspInit                       0x080026e8   Section        0  stm32f4xx_hal_msp.o(i.HAL_UART_MspInit)
    i.HAL_UART_Receive_IT                    0x08002780   Section        0  stm32f4xx_hal_uart.o(i.HAL_UART_Receive_IT)
    i.HAL_UART_RxCpltCallback                0x080027c4   Section        0  uart0_ringbuffer_lib.o(i.HAL_UART_RxCpltCallback)
    i.HAL_UART_Transmit                      0x0800282c   Section        0  stm32f4xx_hal_uart.o(i.HAL_UART_Transmit)
    i.HAL_UART_TxCpltCallback                0x080028fe   Section        0  main.o(i.HAL_UART_TxCpltCallback)
    i.HardFault_Handler                      0x08002902   Section        0  stm32f4xx_it.o(i.HardFault_Handler)
    i.MX_DAC_Init                            0x08002908   Section        0  main.o(i.MX_DAC_Init)
    MX_DAC_Init                              0x08002909   Thumb Code    52  main.o(i.MX_DAC_Init)
    i.MX_DMA_Init                            0x08002944   Section        0  main.o(i.MX_DMA_Init)
    MX_DMA_Init                              0x08002945   Thumb Code    52  main.o(i.MX_DMA_Init)
    i.MX_GPIO_Init                           0x0800297c   Section        0  main.o(i.MX_GPIO_Init)
    MX_GPIO_Init                             0x0800297d   Thumb Code   126  main.o(i.MX_GPIO_Init)
    i.MX_RTC_Init                            0x08002a00   Section        0  main.o(i.MX_RTC_Init)
    MX_RTC_Init                              0x08002a01   Thumb Code   128  main.o(i.MX_RTC_Init)
    i.MX_TIM6_Init                           0x08002a88   Section        0  main.o(i.MX_TIM6_Init)
    MX_TIM6_Init                             0x08002a89   Thumb Code    68  main.o(i.MX_TIM6_Init)
    i.MX_USART3_UART_Init                    0x08002ad4   Section        0  main.o(i.MX_USART3_UART_Init)
    MX_USART3_UART_Init                      0x08002ad5   Thumb Code    46  main.o(i.MX_USART3_UART_Init)
    i.MemManage_Handler                      0x08002b0c   Section        0  stm32f4xx_it.o(i.MemManage_Handler)
    i.NMI_Handler                            0x08002b10   Section        0  stm32f4xx_it.o(i.NMI_Handler)
    i.PendSV_Handler                         0x08002b14   Section        0  stm32f4xx_it.o(i.PendSV_Handler)
    i.RAZ_str                                0x08002b16   Section        0  ptc_uart3.o(i.RAZ_str)
    i.RTC_ByteToBcd2                         0x08002b26   Section        0  stm32f4xx_hal_rtc.o(i.RTC_ByteToBcd2)
    i.RTC_EnterInitMode                      0x08002b40   Section        0  stm32f4xx_hal_rtc.o(i.RTC_EnterInitMode)
    i.Rx_chaine                              0x08002b7e   Section        0  ptc_uart3.o(i.Rx_chaine)
    i.SVC_Handler                            0x08002ba6   Section        0  stm32f4xx_it.o(i.SVC_Handler)
    i.Set_freq_DAC0                          0x08002ba8   Section        0  main.o(i.Set_freq_DAC0)
    i.Sound_Callback                         0x08002be4   Section        0  main.o(i.Sound_Callback)
    i.SysTick_Handler                        0x08002c84   Section        0  stm32f4xx_it.o(i.SysTick_Handler)
    i.SystemClock_Config                     0x08002c8c   Section        0  main.o(i.SystemClock_Config)
    i.SystemInit                             0x08002d60   Section        0  system_stm32f4xx_1.o(i.SystemInit)
    i.TIM_Base_SetConfig                     0x08002d7c   Section        0  stm32f4xx_hal_tim.o(i.TIM_Base_SetConfig)
    i.UART_DMAAbortOnError                   0x08002e54   Section        0  stm32f4xx_hal_uart.o(i.UART_DMAAbortOnError)
    UART_DMAAbortOnError                     0x08002e55   Thumb Code    20  stm32f4xx_hal_uart.o(i.UART_DMAAbortOnError)
    i.UART_EndRxTransfer                     0x08002e68   Section        0  stm32f4xx_hal_uart.o(i.UART_EndRxTransfer)
    UART_EndRxTransfer                       0x08002e69   Thumb Code    54  stm32f4xx_hal_uart.o(i.UART_EndRxTransfer)
    i.UART_EndTransmit_IT                    0x08002e9e   Section        0  stm32f4xx_hal_uart.o(i.UART_EndTransmit_IT)
    UART_EndTransmit_IT                      0x08002e9f   Thumb Code    32  stm32f4xx_hal_uart.o(i.UART_EndTransmit_IT)
    i.UART_Receive_IT                        0x08002ebe   Section        0  stm32f4xx_hal_uart.o(i.UART_Receive_IT)
    UART_Receive_IT                          0x08002ebf   Thumb Code   190  stm32f4xx_hal_uart.o(i.UART_Receive_IT)
    i.UART_SetConfig                         0x08002f7c   Section        0  stm32f4xx_hal_uart.o(i.UART_SetConfig)
    UART_SetConfig                           0x08002f7d   Thumb Code   546  stm32f4xx_hal_uart.o(i.UART_SetConfig)
    i.UART_Start_Receive_IT                  0x080031a8   Section        0  stm32f4xx_hal_uart.o(i.UART_Start_Receive_IT)
    i.UART_Transmit_IT                       0x080031ee   Section        0  stm32f4xx_hal_uart.o(i.UART_Transmit_IT)
    UART_Transmit_IT                         0x080031ef   Thumb Code    96  stm32f4xx_hal_uart.o(i.UART_Transmit_IT)
    i.UART_WaitOnFlagUntilTimeout            0x0800324e   Section        0  stm32f4xx_hal_uart.o(i.UART_WaitOnFlagUntilTimeout)
    UART_WaitOnFlagUntilTimeout              0x0800324f   Thumb Code   108  stm32f4xx_hal_uart.o(i.UART_WaitOnFlagUntilTimeout)
    i.USART3_IRQHandler                      0x080032bc   Section        0  stm32f4xx_it.o(i.USART3_IRQHandler)
    i.UsageFault_Handler                     0x080032cc   Section        0  stm32f4xx_it.o(i.UsageFault_Handler)
    i.__ARM_fpclassify                       0x080032d0   Section        0  fpclassify.o(i.__ARM_fpclassify)
    i.__NVIC_GetPriorityGrouping             0x08003300   Section        0  stm32f4xx_hal_cortex.o(i.__NVIC_GetPriorityGrouping)
    __NVIC_GetPriorityGrouping               0x08003301   Thumb Code    10  stm32f4xx_hal_cortex.o(i.__NVIC_GetPriorityGrouping)
    i.__NVIC_SetPriority                     0x08003310   Section        0  stm32f4xx_hal_cortex.o(i.__NVIC_SetPriority)
    __NVIC_SetPriority                       0x08003311   Thumb Code    32  stm32f4xx_hal_cortex.o(i.__NVIC_SetPriority)
    i.__hardfp_exp                           0x08003338   Section        0  exp.o(i.__hardfp_exp)
    i.__kernel_poly                          0x08003690   Section        0  poly.o(i.__kernel_poly)
    i.__mathlib_dbl_infnan                   0x08003788   Section        0  dunder.o(i.__mathlib_dbl_infnan)
    i.__mathlib_dbl_overflow                 0x080037a0   Section        0  dunder.o(i.__mathlib_dbl_overflow)
    i.__mathlib_dbl_underflow                0x080037c0   Section        0  dunder.o(i.__mathlib_dbl_underflow)
    i.__scatterload_copy                     0x080037e0   Section       14  handlers.o(i.__scatterload_copy)
    i.__scatterload_null                     0x080037ee   Section        2  handlers.o(i.__scatterload_null)
    i.__scatterload_zeroinit                 0x080037f0   Section       14  handlers.o(i.__scatterload_zeroinit)
    i.__set_errno                            0x08003800   Section        0  errno.o(i.__set_errno)
    i.decodage_commande                      0x0800380c   Section        0  main.o(i.decodage_commande)
    i.get_commande                           0x0800383c   Section        0  ptc_geter_cmd.o(i.get_commande)
    i.get_complex_param                      0x08003856   Section        0  ptc_geter_cmd.o(i.get_complex_param)
    i.get_param                              0x0800388e   Section        0  ptc_geter_cmd.o(i.get_param)
    i.init_Serial_Buffer                     0x08003904   Section        0  uart0_ringbuffer_lib.o(i.init_Serial_Buffer)
    i.main                                   0x08003920   Section        0  main.o(i.main)
    i.my_atoi                                0x080039c8   Section        0  ptc_convertion.o(i.my_atoi)
    i.serInchar                              0x08003a78   Section        0  uart0_ringbuffer_lib.o(i.serInchar)
    .constdata                               0x08003ab4   Section       65  main.o(.constdata)
    .constdata                               0x08003af5   Section        8  stm32f4xx_hal_dma.o(.constdata)
    flagBitshiftOffset                       0x08003af5   Data           8  stm32f4xx_hal_dma.o(.constdata)
    .constdata                               0x08003afd   Section       24  system_stm32f4xx_1.o(.constdata)
    .constdata                               0x08003b18   Section       88  exp.o(.constdata)
    halF                                     0x08003b18   Data          16  exp.o(.constdata)
    ln2HI                                    0x08003b28   Data          16  exp.o(.constdata)
    ln2LO                                    0x08003b38   Data          16  exp.o(.constdata)
    P                                        0x08003b48   Data          40  exp.o(.constdata)
    .data                                    0x20000000   Section       56  main.o(.data)
    .data                                    0x20000038   Section        9  stm32f4xx_hal.o(.data)
    .data                                    0x20000044   Section        4  system_stm32f4xx_1.o(.data)
    .data                                    0x20000048   Section        4  errno.o(.data)
    _errno                                   0x20000048   Data           4  errno.o(.data)
    .bss                                     0x2000004c   Section       80  uart0_ringbuffer_lib.o(.bss)
    inbuf                                    0x2000004c   Data          64  uart0_ringbuffer_lib.o(.bss)
    in                                       0x2000008c   Data          16  uart0_ringbuffer_lib.o(.bss)
    .bss                                     0x2000009c   Section      340  main.o(.bss)
    STACK                                    0x200001f0   Section     1024  startup_stm32f407xx.o(STACK)

    Global Symbols

    Symbol Name                              Value     Ov Type        Size  Object(Section)

    BuildAttributes$$THM_ISAv4$E$P$D$K$B$S$7EM$VFPi3$EXTD16$VFPS$VFMA$PE$A:L22UL41UL21$X:L11$S22US41US21$IEEE1$IW$USESV6$~STKCKD$USESV7$~SHL$OTIME$ROPI$IEEEX$EBA8$MICROLIB$REQ8$PRES8$EABIv2 0x00000000   Number         0  anon$$obj.o ABSOLUTE
    __ARM_use_no_argv                        0x00000000   Number         0  main.o ABSOLUTE
    __arm_fini_                               - Undefined Weak Reference
    __cpp_initialize__aeabi_                  - Undefined Weak Reference
    __cxa_finalize                            - Undefined Weak Reference
    __decompress                              - Undefined Weak Reference
    _clock_init                               - Undefined Weak Reference
    _microlib_exit                            - Undefined Weak Reference
    __Vectors_Size                           0x00000188   Number         0  startup_stm32f407xx.o ABSOLUTE
    __Vectors                                0x08000000   Data           4  startup_stm32f407xx.o(RESET)
    __Vectors_End                            0x08000188   Data           0  startup_stm32f407xx.o(RESET)
    __main                                   0x08000189   Thumb Code     0  entry.o(.ARM.Collect$$$$00000000)
    _main_stk                                0x08000189   Thumb Code     0  entry2.o(.ARM.Collect$$$$00000001)
    _main_scatterload                        0x0800018d   Thumb Code     0  entry5.o(.ARM.Collect$$$$00000004)
    __main_after_scatterload                 0x08000191   Thumb Code     0  entry5.o(.ARM.Collect$$$$00000004)
    _main_clock                              0x08000191   Thumb Code     0  entry7b.o(.ARM.Collect$$$$00000008)
    _main_cpp_init                           0x08000191   Thumb Code     0  entry8b.o(.ARM.Collect$$$$0000000A)
    _main_init                               0x08000191   Thumb Code     0  entry9a.o(.ARM.Collect$$$$0000000B)
    __rt_lib_shutdown_fini                   0x08000199   Thumb Code     0  entry12b.o(.ARM.Collect$$$$0000000E)
    __rt_final_cpp                           0x0800019d   Thumb Code     0  entry10a.o(.ARM.Collect$$$$0000000F)
    __rt_final_exit                          0x0800019d   Thumb Code     0  entry11a.o(.ARM.Collect$$$$00000011)
    Reset_Handler                            0x080001a1   Thumb Code     8  startup_stm32f407xx.o(.text)
    ADC_IRQHandler                           0x080001bb   Thumb Code     0  startup_stm32f407xx.o(.text)
    CAN1_RX0_IRQHandler                      0x080001bb   Thumb Code     0  startup_stm32f407xx.o(.text)
    CAN1_RX1_IRQHandler                      0x080001bb   Thumb Code     0  startup_stm32f407xx.o(.text)
    CAN1_SCE_IRQHandler                      0x080001bb   Thumb Code     0  startup_stm32f407xx.o(.text)
    CAN1_TX_IRQHandler                       0x080001bb   Thumb Code     0  startup_stm32f407xx.o(.text)
    CAN2_RX0_IRQHandler                      0x080001bb   Thumb Code     0  startup_stm32f407xx.o(.text)
    CAN2_RX1_IRQHandler                      0x080001bb   Thumb Code     0  startup_stm32f407xx.o(.text)
    CAN2_SCE_IRQHandler                      0x080001bb   Thumb Code     0  startup_stm32f407xx.o(.text)
    CAN2_TX_IRQHandler                       0x080001bb   Thumb Code     0  startup_stm32f407xx.o(.text)
    DCMI_IRQHandler                          0x080001bb   Thumb Code     0  startup_stm32f407xx.o(.text)
    DMA1_Stream0_IRQHandler                  0x080001bb   Thumb Code     0  startup_stm32f407xx.o(.text)
    DMA1_Stream1_IRQHandler                  0x080001bb   Thumb Code     0  startup_stm32f407xx.o(.text)
    DMA1_Stream2_IRQHandler                  0x080001bb   Thumb Code     0  startup_stm32f407xx.o(.text)
    DMA1_Stream3_IRQHandler                  0x080001bb   Thumb Code     0  startup_stm32f407xx.o(.text)
    DMA1_Stream4_IRQHandler                  0x080001bb   Thumb Code     0  startup_stm32f407xx.o(.text)
    DMA1_Stream6_IRQHandler                  0x080001bb   Thumb Code     0  startup_stm32f407xx.o(.text)
    DMA1_Stream7_IRQHandler                  0x080001bb   Thumb Code     0  startup_stm32f407xx.o(.text)
    DMA2_Stream0_IRQHandler                  0x080001bb   Thumb Code     0  startup_stm32f407xx.o(.text)
    DMA2_Stream1_IRQHandler                  0x080001bb   Thumb Code     0  startup_stm32f407xx.o(.text)
    DMA2_Stream2_IRQHandler                  0x080001bb   Thumb Code     0  startup_stm32f407xx.o(.text)
    DMA2_Stream3_IRQHandler                  0x080001bb   Thumb Code     0  startup_stm32f407xx.o(.text)
    DMA2_Stream4_IRQHandler                  0x080001bb   Thumb Code     0  startup_stm32f407xx.o(.text)
    DMA2_Stream5_IRQHandler                  0x080001bb   Thumb Code     0  startup_stm32f407xx.o(.text)
    DMA2_Stream6_IRQHandler                  0x080001bb   Thumb Code     0  startup_stm32f407xx.o(.text)
    DMA2_Stream7_IRQHandler                  0x080001bb   Thumb Code     0  startup_stm32f407xx.o(.text)
    ETH_IRQHandler                           0x080001bb   Thumb Code     0  startup_stm32f407xx.o(.text)
    ETH_WKUP_IRQHandler                      0x080001bb   Thumb Code     0  startup_stm32f407xx.o(.text)
    EXTI0_IRQHandler                         0x080001bb   Thumb Code     0  startup_stm32f407xx.o(.text)
    EXTI15_10_IRQHandler                     0x080001bb   Thumb Code     0  startup_stm32f407xx.o(.text)
    EXTI1_IRQHandler                         0x080001bb   Thumb Code     0  startup_stm32f407xx.o(.text)
    EXTI2_IRQHandler                         0x080001bb   Thumb Code     0  startup_stm32f407xx.o(.text)
    EXTI3_IRQHandler                         0x080001bb   Thumb Code     0  startup_stm32f407xx.o(.text)
    EXTI4_IRQHandler                         0x080001bb   Thumb Code     0  startup_stm32f407xx.o(.text)
    EXTI9_5_IRQHandler                       0x080001bb   Thumb Code     0  startup_stm32f407xx.o(.text)
    FLASH_IRQHandler                         0x080001bb   Thumb Code     0  startup_stm32f407xx.o(.text)
    FMC_IRQHandler                           0x080001bb   Thumb Code     0  startup_stm32f407xx.o(.text)
    FPU_IRQHandler                           0x080001bb   Thumb Code     0  startup_stm32f407xx.o(.text)
    HASH_RNG_IRQHandler                      0x080001bb   Thumb Code     0  startup_stm32f407xx.o(.text)
    I2C1_ER_IRQHandler                       0x080001bb   Thumb Code     0  startup_stm32f407xx.o(.text)
    I2C1_EV_IRQHandler                       0x080001bb   Thumb Code     0  startup_stm32f407xx.o(.text)
    I2C2_ER_IRQHandler                       0x080001bb   Thumb Code     0  startup_stm32f407xx.o(.text)
    I2C2_EV_IRQHandler                       0x080001bb   Thumb Code     0  startup_stm32f407xx.o(.text)
    I2C3_ER_IRQHandler                       0x080001bb   Thumb Code     0  startup_stm32f407xx.o(.text)
    I2C3_EV_IRQHandler                       0x080001bb   Thumb Code     0  startup_stm32f407xx.o(.text)
    OTG_FS_IRQHandler                        0x080001bb   Thumb Code     0  startup_stm32f407xx.o(.text)
    OTG_FS_WKUP_IRQHandler                   0x080001bb   Thumb Code     0  startup_stm32f407xx.o(.text)
    OTG_HS_EP1_IN_IRQHandler                 0x080001bb   Thumb Code     0  startup_stm32f407xx.o(.text)
    OTG_HS_EP1_OUT_IRQHandler                0x080001bb   Thumb Code     0  startup_stm32f407xx.o(.text)
    OTG_HS_IRQHandler                        0x080001bb   Thumb Code     0  startup_stm32f407xx.o(.text)
    OTG_HS_WKUP_IRQHandler                   0x080001bb   Thumb Code     0  startup_stm32f407xx.o(.text)
    PVD_IRQHandler                           0x080001bb   Thumb Code     0  startup_stm32f407xx.o(.text)
    RCC_IRQHandler                           0x080001bb   Thumb Code     0  startup_stm32f407xx.o(.text)
    RTC_Alarm_IRQHandler                     0x080001bb   Thumb Code     0  startup_stm32f407xx.o(.text)
    RTC_WKUP_IRQHandler                      0x080001bb   Thumb Code     0  startup_stm32f407xx.o(.text)
    SDIO_IRQHandler                          0x080001bb   Thumb Code     0  startup_stm32f407xx.o(.text)
    SPI1_IRQHandler                          0x080001bb   Thumb Code     0  startup_stm32f407xx.o(.text)
    SPI2_IRQHandler                          0x080001bb   Thumb Code     0  startup_stm32f407xx.o(.text)
    SPI3_IRQHandler                          0x080001bb   Thumb Code     0  startup_stm32f407xx.o(.text)
    TAMP_STAMP_IRQHandler                    0x080001bb   Thumb Code     0  startup_stm32f407xx.o(.text)
    TIM1_BRK_TIM9_IRQHandler                 0x080001bb   Thumb Code     0  startup_stm32f407xx.o(.text)
    TIM1_CC_IRQHandler                       0x080001bb   Thumb Code     0  startup_stm32f407xx.o(.text)
    TIM1_TRG_COM_TIM11_IRQHandler            0x080001bb   Thumb Code     0  startup_stm32f407xx.o(.text)
    TIM1_UP_TIM10_IRQHandler                 0x080001bb   Thumb Code     0  startup_stm32f407xx.o(.text)
    TIM2_IRQHandler                          0x080001bb   Thumb Code     0  startup_stm32f407xx.o(.text)
    TIM3_IRQHandler                          0x080001bb   Thumb Code     0  startup_stm32f407xx.o(.text)
    TIM4_IRQHandler                          0x080001bb   Thumb Code     0  startup_stm32f407xx.o(.text)
    TIM5_IRQHandler                          0x080001bb   Thumb Code     0  startup_stm32f407xx.o(.text)
    TIM6_DAC_IRQHandler                      0x080001bb   Thumb Code     0  startup_stm32f407xx.o(.text)
    TIM7_IRQHandler                          0x080001bb   Thumb Code     0  startup_stm32f407xx.o(.text)
    TIM8_BRK_TIM12_IRQHandler                0x080001bb   Thumb Code     0  startup_stm32f407xx.o(.text)
    TIM8_CC_IRQHandler                       0x080001bb   Thumb Code     0  startup_stm32f407xx.o(.text)
    TIM8_TRG_COM_TIM14_IRQHandler            0x080001bb   Thumb Code     0  startup_stm32f407xx.o(.text)
    TIM8_UP_TIM13_IRQHandler                 0x080001bb   Thumb Code     0  startup_stm32f407xx.o(.text)
    UART4_IRQHandler                         0x080001bb   Thumb Code     0  startup_stm32f407xx.o(.text)
    UART5_IRQHandler                         0x080001bb   Thumb Code     0  startup_stm32f407xx.o(.text)
    USART1_IRQHandler                        0x080001bb   Thumb Code     0  startup_stm32f407xx.o(.text)
    USART2_IRQHandler                        0x080001bb   Thumb Code     0  startup_stm32f407xx.o(.text)
    USART6_IRQHandler                        0x080001bb   Thumb Code     0  startup_stm32f407xx.o(.text)
    WWDG_IRQHandler                          0x080001bb   Thumb Code     0  startup_stm32f407xx.o(.text)
    __aeabi_uldivmod                         0x080001c5   Thumb Code    98  uldiv.o(.text)
    __aeabi_memset                           0x08000227   Thumb Code    14  memseta.o(.text)
    __aeabi_memset4                          0x08000227   Thumb Code     0  memseta.o(.text)
    __aeabi_memset8                          0x08000227   Thumb Code     0  memseta.o(.text)
    __aeabi_memclr                           0x08000235   Thumb Code     4  memseta.o(.text)
    __aeabi_memclr4                          0x08000235   Thumb Code     0  memseta.o(.text)
    __aeabi_memclr8                          0x08000235   Thumb Code     0  memseta.o(.text)
    _memset$wrapper                          0x08000239   Thumb Code    18  memseta.o(.text)
    strlen                                   0x0800024b   Thumb Code    14  strlen.o(.text)
    strcmp                                   0x08000259   Thumb Code    28  strcmp.o(.text)
    __aeabi_dmul                             0x08000275   Thumb Code   228  dmul.o(.text)
    __aeabi_ui2d                             0x08000359   Thumb Code    26  dfltui.o(.text)
    __aeabi_d2iz                             0x08000373   Thumb Code    62  dfixi.o(.text)
    __aeabi_llsl                             0x080003b1   Thumb Code    30  llshl.o(.text)
    _ll_shift_l                              0x080003b1   Thumb Code     0  llshl.o(.text)
    __aeabi_llsr                             0x080003cf   Thumb Code    32  llushr.o(.text)
    _ll_ushift_r                             0x080003cf   Thumb Code     0  llushr.o(.text)
    __I$use$fp                               0x080003ef   Thumb Code     0  iusefp.o(.text)
    _double_round                            0x080003ef   Thumb Code    30  depilogue.o(.text)
    _double_epilogue                         0x0800040d   Thumb Code   156  depilogue.o(.text)
    __aeabi_dadd                             0x080004a9   Thumb Code   322  dadd.o(.text)
    __aeabi_dsub                             0x080005eb   Thumb Code     6  dadd.o(.text)
    __aeabi_drsub                            0x080005f1   Thumb Code     6  dadd.o(.text)
    __aeabi_ddiv                             0x080005f7   Thumb Code   222  ddiv.o(.text)
    __aeabi_i2d                              0x080006d5   Thumb Code    34  dflti.o(.text)
    __aeabi_cdcmpeq                          0x080006f9   Thumb Code     0  cdcmple.o(.text)
    __aeabi_cdcmple                          0x080006f9   Thumb Code    48  cdcmple.o(.text)
    __aeabi_cdrcmple                         0x08000729   Thumb Code    48  cdrcmple.o(.text)
    __scatterload                            0x08000759   Thumb Code    28  init.o(.text)
    __scatterload_rt2                        0x08000759   Thumb Code     0  init.o(.text)
    __aeabi_lasr                             0x0800077d   Thumb Code    36  llsshr.o(.text)
    _ll_sshift_r                             0x0800077d   Thumb Code     0  llsshr.o(.text)
    BusFault_Handler                         0x080007a1   Thumb Code     4  stm32f4xx_it.o(i.BusFault_Handler)
    Cmd_epreuve_SD_stm32                     0x080007a5   Thumb Code   298  ptc_decodecmd.o(i.Cmd_epreuve_SD_stm32)
    DAC_DMAConvCpltCh1                       0x0800090d   Thumb Code    18  stm32f4xx_hal_dac.o(i.DAC_DMAConvCpltCh1)
    DAC_DMAConvCpltCh2                       0x0800091f   Thumb Code    18  stm32f4xx_hal_dac_ex.o(i.DAC_DMAConvCpltCh2)
    DAC_DMAErrorCh1                          0x08000931   Thumb Code    26  stm32f4xx_hal_dac.o(i.DAC_DMAErrorCh1)
    DAC_DMAErrorCh2                          0x0800094b   Thumb Code    26  stm32f4xx_hal_dac_ex.o(i.DAC_DMAErrorCh2)
    DAC_DMAHalfConvCpltCh1                   0x08000965   Thumb Code    14  stm32f4xx_hal_dac.o(i.DAC_DMAHalfConvCpltCh1)
    DAC_DMAHalfConvCpltCh2                   0x08000973   Thumb Code    14  stm32f4xx_hal_dac_ex.o(i.DAC_DMAHalfConvCpltCh2)
    DMA1_Stream5_IRQHandler                  0x08000981   Thumb Code    10  stm32f4xx_it.o(i.DMA1_Stream5_IRQHandler)
    DebugMon_Handler                         0x08000a9b   Thumb Code     2  stm32f4xx_it.o(i.DebugMon_Handler)
    Error_Handler                            0x08000a9d   Thumb Code     6  main.o(i.Error_Handler)
    HAL_DACEx_ConvCpltCallbackCh2            0x08000aa3   Thumb Code     2  stm32f4xx_hal_dac_ex.o(i.HAL_DACEx_ConvCpltCallbackCh2)
    HAL_DACEx_ConvHalfCpltCallbackCh2        0x08000aa5   Thumb Code     2  stm32f4xx_hal_dac_ex.o(i.HAL_DACEx_ConvHalfCpltCallbackCh2)
    HAL_DACEx_ErrorCallbackCh2               0x08000aa7   Thumb Code     2  stm32f4xx_hal_dac_ex.o(i.HAL_DACEx_ErrorCallbackCh2)
    HAL_DAC_ConfigChannel                    0x08000aa9   Thumb Code    98  stm32f4xx_hal_dac.o(i.HAL_DAC_ConfigChannel)
    HAL_DAC_ConvCpltCallbackCh1              0x08000b0b   Thumb Code     2  stm32f4xx_hal_dac.o(i.HAL_DAC_ConvCpltCallbackCh1)
    HAL_DAC_ConvHalfCpltCallbackCh1          0x08000b0d   Thumb Code     2  stm32f4xx_hal_dac.o(i.HAL_DAC_ConvHalfCpltCallbackCh1)
    HAL_DAC_ErrorCallbackCh1                 0x08000b0f   Thumb Code     2  stm32f4xx_hal_dac.o(i.HAL_DAC_ErrorCallbackCh1)
    HAL_DAC_Init                             0x08000b11   Thumb Code    40  stm32f4xx_hal_dac.o(i.HAL_DAC_Init)
    HAL_DAC_MspInit                          0x08000b39   Thumb Code   180  stm32f4xx_hal_msp.o(i.HAL_DAC_MspInit)
    HAL_DAC_Start_DMA                        0x08000c01   Thumb Code   290  stm32f4xx_hal_dac.o(i.HAL_DAC_Start_DMA)
    HAL_DAC_Stop_DMA                         0x08000d3d   Thumb Code    92  stm32f4xx_hal_dac.o(i.HAL_DAC_Stop_DMA)
    HAL_DMA_Abort                            0x08000d99   Thumb Code   170  stm32f4xx_hal_dma.o(i.HAL_DMA_Abort)
    HAL_DMA_Abort_IT                         0x08000e43   Thumb Code    40  stm32f4xx_hal_dma.o(i.HAL_DMA_Abort_IT)
    HAL_DMA_IRQHandler                       0x08000e6d   Thumb Code   570  stm32f4xx_hal_dma.o(i.HAL_DMA_IRQHandler)
    HAL_DMA_Init                             0x080010ad   Thumb Code   232  stm32f4xx_hal_dma.o(i.HAL_DMA_Init)
    HAL_DMA_Start_IT                         0x08001199   Thumb Code   146  stm32f4xx_hal_dma.o(i.HAL_DMA_Start_IT)
    HAL_GPIO_Init                            0x0800122d   Thumb Code   470  stm32f4xx_hal_gpio.o(i.HAL_GPIO_Init)
    HAL_GetTick                              0x08001431   Thumb Code     6  stm32f4xx_hal.o(i.HAL_GetTick)
    HAL_IncTick                              0x0800143d   Thumb Code    16  stm32f4xx_hal.o(i.HAL_IncTick)
    HAL_Init                                 0x08001455   Thumb Code    54  stm32f4xx_hal.o(i.HAL_Init)
    HAL_InitTick                             0x08001491   Thumb Code    64  stm32f4xx_hal.o(i.HAL_InitTick)
    HAL_MspInit                              0x080014dd   Thumb Code    68  stm32f4xx_hal_msp.o(i.HAL_MspInit)
    HAL_NVIC_EnableIRQ                       0x08001525   Thumb Code    32  stm32f4xx_hal_cortex.o(i.HAL_NVIC_EnableIRQ)
    HAL_NVIC_SetPriority                     0x08001545   Thumb Code   124  stm32f4xx_hal_cortex.o(i.HAL_NVIC_SetPriority)
    HAL_NVIC_SetPriorityGrouping             0x080015c1   Thumb Code    32  stm32f4xx_hal_cortex.o(i.HAL_NVIC_SetPriorityGrouping)
    HAL_RCCEx_PeriphCLKConfig                0x080015e9   Thumb Code   396  stm32f4xx_hal_rcc_ex.o(i.HAL_RCCEx_PeriphCLKConfig)
    HAL_RCC_ClockConfig                      0x08001789   Thumb Code   368  stm32f4xx_hal_rcc.o(i.HAL_RCC_ClockConfig)
    HAL_RCC_GetHCLKFreq                      0x0800190d   Thumb Code     6  stm32f4xx_hal_rcc.o(i.HAL_RCC_GetHCLKFreq)
    HAL_RCC_GetPCLK1Freq                     0x08001919   Thumb Code    22  stm32f4xx_hal_rcc.o(i.HAL_RCC_GetPCLK1Freq)
    HAL_RCC_GetPCLK2Freq                     0x08001939   Thumb Code    22  stm32f4xx_hal_rcc.o(i.HAL_RCC_GetPCLK2Freq)
    HAL_RCC_GetSysClockFreq                  0x08001959   Thumb Code   162  stm32f4xx_hal_rcc.o(i.HAL_RCC_GetSysClockFreq)
    HAL_RCC_OscConfig                        0x08001a09   Thumb Code  1172  stm32f4xx_hal_rcc.o(i.HAL_RCC_OscConfig)
    HAL_RTC_Init                             0x08001ea5   Thumb Code   212  stm32f4xx_hal_rtc.o(i.HAL_RTC_Init)
    HAL_RTC_MspInit                          0x08001f7d   Thumb Code    16  stm32f4xx_hal_msp.o(i.HAL_RTC_MspInit)
    HAL_RTC_SetDate                          0x08001f95   Thumb Code   254  stm32f4xx_hal_rtc.o(i.HAL_RTC_SetDate)
    HAL_RTC_SetTime                          0x08002099   Thumb Code   296  stm32f4xx_hal_rtc.o(i.HAL_RTC_SetTime)
    HAL_RTC_WaitForSynchro                   0x080021c5   Thumb Code    58  stm32f4xx_hal_rtc.o(i.HAL_RTC_WaitForSynchro)
    HAL_SYSTICK_Config                       0x080021ff   Thumb Code    52  stm32f4xx_hal_cortex.o(i.HAL_SYSTICK_Config)
    HAL_TIMEx_MasterConfigSynchronization    0x08002235   Thumb Code   150  stm32f4xx_hal_tim_ex.o(i.HAL_TIMEx_MasterConfigSynchronization)
    HAL_TIM_Base_Init                        0x080022e9   Thumb Code   102  stm32f4xx_hal_tim.o(i.HAL_TIM_Base_Init)
    HAL_TIM_Base_MspInit                     0x08002351   Thumb Code    44  stm32f4xx_hal_msp.o(i.HAL_TIM_Base_MspInit)
    HAL_TIM_Base_Start                       0x08002385   Thumb Code   126  stm32f4xx_hal_tim.o(i.HAL_TIM_Base_Start)
    HAL_UARTEx_RxEventCallback               0x08002421   Thumb Code     2  stm32f4xx_hal_uart.o(i.HAL_UARTEx_RxEventCallback)
    HAL_UART_ErrorCallback                   0x08002423   Thumb Code     2  stm32f4xx_hal_uart.o(i.HAL_UART_ErrorCallback)
    HAL_UART_IRQHandler                      0x08002425   Thumb Code   586  stm32f4xx_hal_uart.o(i.HAL_UART_IRQHandler)
    HAL_UART_Init                            0x08002675   Thumb Code   114  stm32f4xx_hal_uart.o(i.HAL_UART_Init)
    HAL_UART_MspInit                         0x080026e9   Thumb Code   140  stm32f4xx_hal_msp.o(i.HAL_UART_MspInit)
    HAL_UART_Receive_IT                      0x08002781   Thumb Code    66  stm32f4xx_hal_uart.o(i.HAL_UART_Receive_IT)
    HAL_UART_RxCpltCallback                  0x080027c5   Thumb Code    90  uart0_ringbuffer_lib.o(i.HAL_UART_RxCpltCallback)
    HAL_UART_Transmit                        0x0800282d   Thumb Code   210  stm32f4xx_hal_uart.o(i.HAL_UART_Transmit)
    HAL_UART_TxCpltCallback                  0x080028ff   Thumb Code     4  main.o(i.HAL_UART_TxCpltCallback)
    HardFault_Handler                        0x08002903   Thumb Code     4  stm32f4xx_it.o(i.HardFault_Handler)
    MemManage_Handler                        0x08002b0d   Thumb Code     4  stm32f4xx_it.o(i.MemManage_Handler)
    NMI_Handler                              0x08002b11   Thumb Code     4  stm32f4xx_it.o(i.NMI_Handler)
    PendSV_Handler                           0x08002b15   Thumb Code     2  stm32f4xx_it.o(i.PendSV_Handler)
    RAZ_str                                  0x08002b17   Thumb Code    16  ptc_uart3.o(i.RAZ_str)
    RTC_ByteToBcd2                           0x08002b27   Thumb Code    26  stm32f4xx_hal_rtc.o(i.RTC_ByteToBcd2)
    RTC_EnterInitMode                        0x08002b41   Thumb Code    62  stm32f4xx_hal_rtc.o(i.RTC_EnterInitMode)
    Rx_chaine                                0x08002b7f   Thumb Code    40  ptc_uart3.o(i.Rx_chaine)
    SVC_Handler                              0x08002ba7   Thumb Code     2  stm32f4xx_it.o(i.SVC_Handler)
    Set_freq_DAC0                            0x08002ba9   Thumb Code    48  main.o(i.Set_freq_DAC0)
    Sound_Callback                           0x08002be5   Thumb Code   132  main.o(i.Sound_Callback)
    SysTick_Handler                          0x08002c85   Thumb Code     8  stm32f4xx_it.o(i.SysTick_Handler)
    SystemClock_Config                       0x08002c8d   Thumb Code   204  main.o(i.SystemClock_Config)
    SystemInit                               0x08002d61   Thumb Code    24  system_stm32f4xx_1.o(i.SystemInit)
    TIM_Base_SetConfig                       0x08002d7d   Thumb Code   170  stm32f4xx_hal_tim.o(i.TIM_Base_SetConfig)
    UART_Start_Receive_IT                    0x080031a9   Thumb Code    70  stm32f4xx_hal_uart.o(i.UART_Start_Receive_IT)
    USART3_IRQHandler                        0x080032bd   Thumb Code    10  stm32f4xx_it.o(i.USART3_IRQHandler)
    UsageFault_Handler                       0x080032cd   Thumb Code     4  stm32f4xx_it.o(i.UsageFault_Handler)
    __ARM_fpclassify                         0x080032d1   Thumb Code    48  fpclassify.o(i.__ARM_fpclassify)
    __hardfp_exp                             0x08003339   Thumb Code   714  exp.o(i.__hardfp_exp)
    __kernel_poly                            0x08003691   Thumb Code   248  poly.o(i.__kernel_poly)
    __mathlib_dbl_infnan                     0x08003789   Thumb Code    20  dunder.o(i.__mathlib_dbl_infnan)
    __mathlib_dbl_overflow                   0x080037a1   Thumb Code    24  dunder.o(i.__mathlib_dbl_overflow)
    __mathlib_dbl_underflow                  0x080037c1   Thumb Code    24  dunder.o(i.__mathlib_dbl_underflow)
    __scatterload_copy                       0x080037e1   Thumb Code    14  handlers.o(i.__scatterload_copy)
    __scatterload_null                       0x080037ef   Thumb Code     2  handlers.o(i.__scatterload_null)
    __scatterload_zeroinit                   0x080037f1   Thumb Code    14  handlers.o(i.__scatterload_zeroinit)
    __set_errno                              0x08003801   Thumb Code     6  errno.o(i.__set_errno)
    decodage_commande                        0x0800380d   Thumb Code    44  main.o(i.decodage_commande)
    get_commande                             0x0800383d   Thumb Code    26  ptc_geter_cmd.o(i.get_commande)
    get_complex_param                        0x08003857   Thumb Code    56  ptc_geter_cmd.o(i.get_complex_param)
    get_param                                0x0800388f   Thumb Code   116  ptc_geter_cmd.o(i.get_param)
    init_Serial_Buffer                       0x08003905   Thumb Code    20  uart0_ringbuffer_lib.o(i.init_Serial_Buffer)
    main                                     0x08003921   Thumb Code   140  main.o(i.main)
    my_atoi                                  0x080039c9   Thumb Code   152  ptc_convertion.o(i.my_atoi)
    serInchar                                0x08003a79   Thumb Code    56  uart0_ringbuffer_lib.o(i.serInchar)
    myDAC_Signal                             0x08003ab4   Data          65  main.o(.constdata)
    AHBPrescTable                            0x08003afd   Data          16  system_stm32f4xx_1.o(.constdata)
    APBPrescTable                            0x08003b0d   Data           8  system_stm32f4xx_1.o(.constdata)
    Region$$Table$$Base                      0x08003b70   Number         0  anon$$obj.o(Region$$Table)
    Region$$Table$$Limit                     0x08003b90   Number         0  anon$$obj.o(Region$$Table)
    rx_Buf                                   0x20000000   Data           1  main.o(.data)
    tx_Buf                                   0x20000001   Data          32  main.o(.data)
    Code_frequence                           0x20000021   Data           1  main.o(.data)
    Timer_freq                               0x20000024   Data           4  main.o(.data)
    Duree_son                                0x20000028   Data           4  main.o(.data)
    Duree_silence                            0x2000002c   Data           4  main.o(.data)
    Nombre_bips                              0x20000030   Data           1  main.o(.data)
    Sound_Loop_Enable                        0x20000031   Data           1  main.o(.data)
    Etat_Bip                                 0x20000032   Data           1  main.o(.data)
    Temp_init                                0x20000034   Data           4  main.o(.data)
    uwTick                                   0x20000038   Data           4  stm32f4xx_hal.o(.data)
    uwTickPrio                               0x2000003c   Data           4  stm32f4xx_hal.o(.data)
    uwTickFreq                               0x20000040   Data           1  stm32f4xx_hal.o(.data)
    SystemCoreClock                          0x20000044   Data           4  system_stm32f4xx_1.o(.data)
    currentTime                              0x2000009c   Data          20  main.o(.bss)
    hdac                                     0x200000b0   Data          20  main.o(.bss)
    hdma_dac1                                0x200000c4   Data          96  main.o(.bss)
    hrtc                                     0x20000124   Data          32  main.o(.bss)
    htim6                                    0x20000144   Data          72  main.o(.bss)
    huart3                                   0x2000018c   Data          68  main.o(.bss)
    chaine_courante                          0x200001d0   Data          32  main.o(.bss)
    __initial_sp                             0x200005f0   Data           0  startup_stm32f407xx.o(STACK)



==============================================================================

Memory Map of the image

  Image Entry point : 0x08000189

  Load Region LR_IROM1 (Base: 0x08000000, Size: 0x00003bdc, Max: 0x00080000, ABSOLUTE)

    Execution Region ER_IROM1 (Exec base: 0x08000000, Load base: 0x08000000, Size: 0x00003b90, Max: 0x00080000, ABSOLUTE)

    Exec Addr    Load Addr    Size         Type   Attr      Idx    E Section Name        Object

    0x08000000   0x08000000   0x00000188   Data   RO            3    RESET               startup_stm32f407xx.o
    0x08000188   0x08000188   0x00000000   Code   RO         3752  * .ARM.Collect$$$$00000000  mc_w.l(entry.o)
    0x08000188   0x08000188   0x00000004   Code   RO         3788    .ARM.Collect$$$$00000001  mc_w.l(entry2.o)
    0x0800018c   0x0800018c   0x00000004   Code   RO         3791    .ARM.Collect$$$$00000004  mc_w.l(entry5.o)
    0x08000190   0x08000190   0x00000000   Code   RO         3793    .ARM.Collect$$$$00000008  mc_w.l(entry7b.o)
    0x08000190   0x08000190   0x00000000   Code   RO         3795    .ARM.Collect$$$$0000000A  mc_w.l(entry8b.o)
    0x08000190   0x08000190   0x00000008   Code   RO         3796    .ARM.Collect$$$$0000000B  mc_w.l(entry9a.o)
    0x08000198   0x08000198   0x00000004   Code   RO         3803    .ARM.Collect$$$$0000000E  mc_w.l(entry12b.o)
    0x0800019c   0x0800019c   0x00000000   Code   RO         3798    .ARM.Collect$$$$0000000F  mc_w.l(entry10a.o)
    0x0800019c   0x0800019c   0x00000000   Code   RO         3800    .ARM.Collect$$$$00000011  mc_w.l(entry11a.o)
    0x0800019c   0x0800019c   0x00000004   Code   RO         3789    .ARM.Collect$$$$00002712  mc_w.l(entry2.o)
    0x080001a0   0x080001a0   0x00000024   Code   RO            4    .text               startup_stm32f407xx.o
    0x080001c4   0x080001c4   0x00000062   Code   RO         3755    .text               mc_w.l(uldiv.o)
    0x08000226   0x08000226   0x00000024   Code   RO         3757    .text               mc_w.l(memseta.o)
    0x0800024a   0x0800024a   0x0000000e   Code   RO         3759    .text               mc_w.l(strlen.o)
    0x08000258   0x08000258   0x0000001c   Code   RO         3761    .text               mc_w.l(strcmp.o)
    0x08000274   0x08000274   0x000000e4   Code   RO         3763    .text               mf_w.l(dmul.o)
    0x08000358   0x08000358   0x0000001a   Code   RO         3765    .text               mf_w.l(dfltui.o)
    0x08000372   0x08000372   0x0000003e   Code   RO         3767    .text               mf_w.l(dfixi.o)
    0x080003b0   0x080003b0   0x0000001e   Code   RO         3804    .text               mc_w.l(llshl.o)
    0x080003ce   0x080003ce   0x00000020   Code   RO         3806    .text               mc_w.l(llushr.o)
    0x080003ee   0x080003ee   0x00000000   Code   RO         3815    .text               mc_w.l(iusefp.o)
    0x080003ee   0x080003ee   0x000000ba   Code   RO         3816    .text               mf_w.l(depilogue.o)
    0x080004a8   0x080004a8   0x0000014e   Code   RO         3818    .text               mf_w.l(dadd.o)
    0x080005f6   0x080005f6   0x000000de   Code   RO         3820    .text               mf_w.l(ddiv.o)
    0x080006d4   0x080006d4   0x00000022   Code   RO         3822    .text               mf_w.l(dflti.o)
    0x080006f6   0x080006f6   0x00000002   PAD
    0x080006f8   0x080006f8   0x00000030   Code   RO         3824    .text               mf_w.l(cdcmple.o)
    0x08000728   0x08000728   0x00000030   Code   RO         3826    .text               mf_w.l(cdrcmple.o)
    0x08000758   0x08000758   0x00000024   Code   RO         3828    .text               mc_w.l(init.o)
    0x0800077c   0x0800077c   0x00000024   Code   RO         3830    .text               mc_w.l(llsshr.o)
    0x080007a0   0x080007a0   0x00000004   Code   RO          374    i.BusFault_Handler  stm32f4xx_it.o
    0x080007a4   0x080007a4   0x00000168   Code   RO          237    i.Cmd_epreuve_SD_stm32  ptc_decodecmd.o
    0x0800090c   0x0800090c   0x00000012   Code   RO          535    i.DAC_DMAConvCpltCh1  stm32f4xx_hal_dac.o
    0x0800091e   0x0800091e   0x00000012   Code   RO          679    i.DAC_DMAConvCpltCh2  stm32f4xx_hal_dac_ex.o
    0x08000930   0x08000930   0x0000001a   Code   RO          536    i.DAC_DMAErrorCh1   stm32f4xx_hal_dac.o
    0x0800094a   0x0800094a   0x0000001a   Code   RO          680    i.DAC_DMAErrorCh2   stm32f4xx_hal_dac_ex.o
    0x08000964   0x08000964   0x0000000e   Code   RO          537    i.DAC_DMAHalfConvCpltCh1  stm32f4xx_hal_dac.o
    0x08000972   0x08000972   0x0000000e   Code   RO          681    i.DAC_DMAHalfConvCpltCh2  stm32f4xx_hal_dac_ex.o
    0x08000980   0x08000980   0x00000010   Code   RO          375    i.DMA1_Stream5_IRQHandler  stm32f4xx_it.o
    0x08000990   0x08000990   0x00000034   Code   RO         1279    i.DMA_CalcBaseAndBitshift  stm32f4xx_hal_dma.o
    0x080009c4   0x080009c4   0x000000aa   Code   RO         1280    i.DMA_CheckFifoParam  stm32f4xx_hal_dma.o
    0x08000a6e   0x08000a6e   0x0000002c   Code   RO         1281    i.DMA_SetConfig     stm32f4xx_hal_dma.o
    0x08000a9a   0x08000a9a   0x00000002   Code   RO          376    i.DebugMon_Handler  stm32f4xx_it.o
    0x08000a9c   0x08000a9c   0x00000006   Code   RO          269    i.Error_Handler     main.o
    0x08000aa2   0x08000aa2   0x00000002   Code   RO          682    i.HAL_DACEx_ConvCpltCallbackCh2  stm32f4xx_hal_dac_ex.o
    0x08000aa4   0x08000aa4   0x00000002   Code   RO          683    i.HAL_DACEx_ConvHalfCpltCallbackCh2  stm32f4xx_hal_dac_ex.o
    0x08000aa6   0x08000aa6   0x00000002   Code   RO          689    i.HAL_DACEx_ErrorCallbackCh2  stm32f4xx_hal_dac_ex.o
    0x08000aa8   0x08000aa8   0x00000062   Code   RO          538    i.HAL_DAC_ConfigChannel  stm32f4xx_hal_dac.o
    0x08000b0a   0x08000b0a   0x00000002   Code   RO          539    i.HAL_DAC_ConvCpltCallbackCh1  stm32f4xx_hal_dac.o
    0x08000b0c   0x08000b0c   0x00000002   Code   RO          540    i.HAL_DAC_ConvHalfCpltCallbackCh1  stm32f4xx_hal_dac.o
    0x08000b0e   0x08000b0e   0x00000002   Code   RO          543    i.HAL_DAC_ErrorCallbackCh1  stm32f4xx_hal_dac.o
    0x08000b10   0x08000b10   0x00000028   Code   RO          548    i.HAL_DAC_Init      stm32f4xx_hal_dac.o
    0x08000b38   0x08000b38   0x000000c8   Code   RO          463    i.HAL_DAC_MspInit   stm32f4xx_hal_msp.o
    0x08000c00   0x08000c00   0x0000013c   Code   RO          553    i.HAL_DAC_Start_DMA  stm32f4xx_hal_dac.o
    0x08000d3c   0x08000d3c   0x0000005c   Code   RO          555    i.HAL_DAC_Stop_DMA  stm32f4xx_hal_dac.o
    0x08000d98   0x08000d98   0x000000aa   Code   RO         1282    i.HAL_DMA_Abort     stm32f4xx_hal_dma.o
    0x08000e42   0x08000e42   0x00000028   Code   RO         1283    i.HAL_DMA_Abort_IT  stm32f4xx_hal_dma.o
    0x08000e6a   0x08000e6a   0x00000002   PAD
    0x08000e6c   0x08000e6c   0x00000240   Code   RO         1287    i.HAL_DMA_IRQHandler  stm32f4xx_hal_dma.o
    0x080010ac   0x080010ac   0x000000ec   Code   RO         1288    i.HAL_DMA_Init      stm32f4xx_hal_dma.o
    0x08001198   0x08001198   0x00000092   Code   RO         1292    i.HAL_DMA_Start_IT  stm32f4xx_hal_dma.o
    0x0800122a   0x0800122a   0x00000002   PAD
    0x0800122c   0x0800122c   0x00000204   Code   RO         1175    i.HAL_GPIO_Init     stm32f4xx_hal_gpio.o
    0x08001430   0x08001430   0x0000000c   Code   RO         1712    i.HAL_GetTick       stm32f4xx_hal.o
    0x0800143c   0x0800143c   0x00000018   Code   RO         1718    i.HAL_IncTick       stm32f4xx_hal.o
    0x08001454   0x08001454   0x0000003c   Code   RO         1719    i.HAL_Init          stm32f4xx_hal.o
    0x08001490   0x08001490   0x0000004c   Code   RO         1720    i.HAL_InitTick      stm32f4xx_hal.o
    0x080014dc   0x080014dc   0x00000048   Code   RO          464    i.HAL_MspInit       stm32f4xx_hal_msp.o
    0x08001524   0x08001524   0x00000020   Code   RO         1564    i.HAL_NVIC_EnableIRQ  stm32f4xx_hal_cortex.o
    0x08001544   0x08001544   0x0000007c   Code   RO         1570    i.HAL_NVIC_SetPriority  stm32f4xx_hal_cortex.o
    0x080015c0   0x080015c0   0x00000028   Code   RO         1571    i.HAL_NVIC_SetPriorityGrouping  stm32f4xx_hal_cortex.o
    0x080015e8   0x080015e8   0x000001a0   Code   RO          881    i.HAL_RCCEx_PeriphCLKConfig  stm32f4xx_hal_rcc_ex.o
    0x08001788   0x08001788   0x00000184   Code   RO          776    i.HAL_RCC_ClockConfig  stm32f4xx_hal_rcc.o
    0x0800190c   0x0800190c   0x0000000c   Code   RO          781    i.HAL_RCC_GetHCLKFreq  stm32f4xx_hal_rcc.o
    0x08001918   0x08001918   0x00000020   Code   RO          783    i.HAL_RCC_GetPCLK1Freq  stm32f4xx_hal_rcc.o
    0x08001938   0x08001938   0x00000020   Code   RO          784    i.HAL_RCC_GetPCLK2Freq  stm32f4xx_hal_rcc.o
    0x08001958   0x08001958   0x000000b0   Code   RO          785    i.HAL_RCC_GetSysClockFreq  stm32f4xx_hal_rcc.o
    0x08001a08   0x08001a08   0x0000049c   Code   RO          788    i.HAL_RCC_OscConfig  stm32f4xx_hal_rcc.o
    0x08001ea4   0x08001ea4   0x000000d8   Code   RO         1970    i.HAL_RTC_Init      stm32f4xx_hal_rtc.o
    0x08001f7c   0x08001f7c   0x00000018   Code   RO          466    i.HAL_RTC_MspInit   stm32f4xx_hal_msp.o
    0x08001f94   0x08001f94   0x00000104   Code   RO         1976    i.HAL_RTC_SetDate   stm32f4xx_hal_rtc.o
    0x08002098   0x08002098   0x0000012c   Code   RO         1977    i.HAL_RTC_SetTime   stm32f4xx_hal_rtc.o
    0x080021c4   0x080021c4   0x0000003a   Code   RO         1978    i.HAL_RTC_WaitForSynchro  stm32f4xx_hal_rtc.o
    0x080021fe   0x080021fe   0x00000034   Code   RO         1575    i.HAL_SYSTICK_Config  stm32f4xx_hal_cortex.o
    0x08002232   0x08002232   0x00000002   PAD
    0x08002234   0x08002234   0x000000b4   Code   RO         3089    i.HAL_TIMEx_MasterConfigSynchronization  stm32f4xx_hal_tim_ex.o
    0x080022e8   0x080022e8   0x00000066   Code   RO         2355    i.HAL_TIM_Base_Init  stm32f4xx_hal_tim.o
    0x0800234e   0x0800234e   0x00000002   PAD
    0x08002350   0x08002350   0x00000034   Code   RO          468    i.HAL_TIM_Base_MspInit  stm32f4xx_hal_msp.o
    0x08002384   0x08002384   0x0000009c   Code   RO         2358    i.HAL_TIM_Base_Start  stm32f4xx_hal_tim.o
    0x08002420   0x08002420   0x00000002   Code   RO         3348    i.HAL_UARTEx_RxEventCallback  stm32f4xx_hal_uart.o
    0x08002422   0x08002422   0x00000002   Code   RO         3362    i.HAL_UART_ErrorCallback  stm32f4xx_hal_uart.o
    0x08002424   0x08002424   0x00000250   Code   RO         3365    i.HAL_UART_IRQHandler  stm32f4xx_hal_uart.o
    0x08002674   0x08002674   0x00000072   Code   RO         3366    i.HAL_UART_Init     stm32f4xx_hal_uart.o
    0x080026e6   0x080026e6   0x00000002   PAD
    0x080026e8   0x080026e8   0x00000098   Code   RO          470    i.HAL_UART_MspInit  stm32f4xx_hal_msp.o
    0x08002780   0x08002780   0x00000042   Code   RO         3371    i.HAL_UART_Receive_IT  stm32f4xx_hal_uart.o
    0x080027c2   0x080027c2   0x00000002   PAD
    0x080027c4   0x080027c4   0x00000068   Code   RO           32    i.HAL_UART_RxCpltCallback  uart0_ringbuffer_lib.o
    0x0800282c   0x0800282c   0x000000d2   Code   RO         3374    i.HAL_UART_Transmit  stm32f4xx_hal_uart.o
    0x080028fe   0x080028fe   0x00000004   Code   RO          270    i.HAL_UART_TxCpltCallback  main.o
    0x08002902   0x08002902   0x00000004   Code   RO          377    i.HardFault_Handler  stm32f4xx_it.o
    0x08002906   0x08002906   0x00000002   PAD
    0x08002908   0x08002908   0x0000003c   Code   RO          271    i.MX_DAC_Init       main.o
    0x08002944   0x08002944   0x00000038   Code   RO          272    i.MX_DMA_Init       main.o
    0x0800297c   0x0800297c   0x00000084   Code   RO          273    i.MX_GPIO_Init      main.o
    0x08002a00   0x08002a00   0x00000088   Code   RO          274    i.MX_RTC_Init       main.o
    0x08002a88   0x08002a88   0x0000004c   Code   RO          275    i.MX_TIM6_Init      main.o
    0x08002ad4   0x08002ad4   0x00000038   Code   RO          276    i.MX_USART3_UART_Init  main.o
    0x08002b0c   0x08002b0c   0x00000004   Code   RO          378    i.MemManage_Handler  stm32f4xx_it.o
    0x08002b10   0x08002b10   0x00000004   Code   RO          379    i.NMI_Handler       stm32f4xx_it.o
    0x08002b14   0x08002b14   0x00000002   Code   RO          380    i.PendSV_Handler    stm32f4xx_it.o
    0x08002b16   0x08002b16   0x00000010   Code   RO           10    i.RAZ_str           ptc_uart3.o
    0x08002b26   0x08002b26   0x0000001a   Code   RO         1980    i.RTC_ByteToBcd2    stm32f4xx_hal_rtc.o
    0x08002b40   0x08002b40   0x0000003e   Code   RO         1981    i.RTC_EnterInitMode  stm32f4xx_hal_rtc.o
    0x08002b7e   0x08002b7e   0x00000028   Code   RO           11    i.Rx_chaine         ptc_uart3.o
    0x08002ba6   0x08002ba6   0x00000002   Code   RO          381    i.SVC_Handler       stm32f4xx_it.o
    0x08002ba8   0x08002ba8   0x0000003c   Code   RO          277    i.Set_freq_DAC0     main.o
    0x08002be4   0x08002be4   0x000000a0   Code   RO          278    i.Sound_Callback    main.o
    0x08002c84   0x08002c84   0x00000008   Code   RO          382    i.SysTick_Handler   stm32f4xx_it.o
    0x08002c8c   0x08002c8c   0x000000d4   Code   RO          279    i.SystemClock_Config  main.o
    0x08002d60   0x08002d60   0x0000001c   Code   RO         3705    i.SystemInit        system_stm32f4xx_1.o
    0x08002d7c   0x08002d7c   0x000000d8   Code   RO         2448    i.TIM_Base_SetConfig  stm32f4xx_hal_tim.o
    0x08002e54   0x08002e54   0x00000014   Code   RO         3379    i.UART_DMAAbortOnError  stm32f4xx_hal_uart.o
    0x08002e68   0x08002e68   0x00000036   Code   RO         3389    i.UART_EndRxTransfer  stm32f4xx_hal_uart.o
    0x08002e9e   0x08002e9e   0x00000020   Code   RO         3390    i.UART_EndTransmit_IT  stm32f4xx_hal_uart.o
    0x08002ebe   0x08002ebe   0x000000be   Code   RO         3392    i.UART_Receive_IT   stm32f4xx_hal_uart.o
    0x08002f7c   0x08002f7c   0x0000022c   Code   RO         3393    i.UART_SetConfig    stm32f4xx_hal_uart.o
    0x080031a8   0x080031a8   0x00000046   Code   RO         3395    i.UART_Start_Receive_IT  stm32f4xx_hal_uart.o
    0x080031ee   0x080031ee   0x00000060   Code   RO         3396    i.UART_Transmit_IT  stm32f4xx_hal_uart.o
    0x0800324e   0x0800324e   0x0000006c   Code   RO         3397    i.UART_WaitOnFlagUntilTimeout  stm32f4xx_hal_uart.o
    0x080032ba   0x080032ba   0x00000002   PAD
    0x080032bc   0x080032bc   0x00000010   Code   RO          383    i.USART3_IRQHandler  stm32f4xx_it.o
    0x080032cc   0x080032cc   0x00000004   Code   RO          384    i.UsageFault_Handler  stm32f4xx_it.o
    0x080032d0   0x080032d0   0x00000030   Code   RO         3783    i.__ARM_fpclassify  m_wm.l(fpclassify.o)
    0x08003300   0x08003300   0x00000010   Code   RO         1577    i.__NVIC_GetPriorityGrouping  stm32f4xx_hal_cortex.o
    0x08003310   0x08003310   0x00000028   Code   RO         1578    i.__NVIC_SetPriority  stm32f4xx_hal_cortex.o
    0x08003338   0x08003338   0x00000358   Code   RO         3738    i.__hardfp_exp      m_wm.l(exp.o)
    0x08003690   0x08003690   0x000000f8   Code   RO         3785    i.__kernel_poly     m_wm.l(poly.o)
    0x08003788   0x08003788   0x00000014   Code   RO         3770    i.__mathlib_dbl_infnan  m_wm.l(dunder.o)
    0x0800379c   0x0800379c   0x00000004   PAD
    0x080037a0   0x080037a0   0x00000020   Code   RO         3773    i.__mathlib_dbl_overflow  m_wm.l(dunder.o)
    0x080037c0   0x080037c0   0x00000020   Code   RO         3775    i.__mathlib_dbl_underflow  m_wm.l(dunder.o)
    0x080037e0   0x080037e0   0x0000000e   Code   RO         3834    i.__scatterload_copy  mc_w.l(handlers.o)
    0x080037ee   0x080037ee   0x00000002   Code   RO         3835    i.__scatterload_null  mc_w.l(handlers.o)
    0x080037f0   0x080037f0   0x0000000e   Code   RO         3836    i.__scatterload_zeroinit  mc_w.l(handlers.o)
    0x080037fe   0x080037fe   0x00000002   PAD
    0x08003800   0x08003800   0x0000000c   Code   RO         3810    i.__set_errno       mc_w.l(errno.o)
    0x0800380c   0x0800380c   0x00000030   Code   RO          280    i.decodage_commande  main.o
    0x0800383c   0x0800383c   0x0000001a   Code   RO          189    i.get_commande      ptc_geter_cmd.o
    0x08003856   0x08003856   0x00000038   Code   RO          190    i.get_complex_param  ptc_geter_cmd.o
    0x0800388e   0x0800388e   0x00000074   Code   RO          191    i.get_param         ptc_geter_cmd.o
    0x08003902   0x08003902   0x00000002   PAD
    0x08003904   0x08003904   0x0000001c   Code   RO           33    i.init_Serial_Buffer  uart0_ringbuffer_lib.o
    0x08003920   0x08003920   0x000000a8   Code   RO          281    i.main              main.o
    0x080039c8   0x080039c8   0x000000b0   Code   RO          216    i.my_atoi           ptc_convertion.o
    0x08003a78   0x08003a78   0x0000003c   Code   RO           34    i.serInchar         uart0_ringbuffer_lib.o
    0x08003ab4   0x08003ab4   0x00000041   Data   RO          283    .constdata          main.o
    0x08003af5   0x08003af5   0x00000008   Data   RO         1294    .constdata          stm32f4xx_hal_dma.o
    0x08003afd   0x08003afd   0x00000018   Data   RO         3706    .constdata          system_stm32f4xx_1.o
    0x08003b15   0x08003b15   0x00000003   PAD
    0x08003b18   0x08003b18   0x00000058   Data   RO         3741    .constdata          m_wm.l(exp.o)
    0x08003b70   0x08003b70   0x00000020   Data   RO         3832    Region$$Table       anon$$obj.o


    Execution Region RW_IRAM2 (Exec base: 0x10000000, Load base: 0x08003bdc, Size: 0x00000000, Max: 0x00010000, ABSOLUTE)

    **** No section assigned to this execution region ****


    Execution Region RW_IRAM1 (Exec base: 0x20000000, Load base: 0x08003b90, Size: 0x000005f0, Max: 0x00020000, ABSOLUTE)

    Exec Addr    Load Addr    Size         Type   Attr      Idx    E Section Name        Object

    0x20000000   0x08003b90   0x00000038   Data   RW          284    .data               main.o
    0x20000038   0x08003bc8   0x00000009   Data   RW         1726    .data               stm32f4xx_hal.o
    0x20000041   0x08003bd1   0x00000003   PAD
    0x20000044   0x08003bd4   0x00000004   Data   RW         3707    .data               system_stm32f4xx_1.o
    0x20000048   0x08003bd8   0x00000004   Data   RW         3811    .data               mc_w.l(errno.o)
    0x2000004c        -       0x00000050   Zero   RW           36    .bss                uart0_ringbuffer_lib.o
    0x2000009c        -       0x00000154   Zero   RW          282    .bss                main.o
    0x200001f0        -       0x00000400   Zero   RW            1    STACK               startup_stm32f407xx.o


==============================================================================

Image component sizes


      Code (inc. data)   RO Data    RW Data    ZI Data      Debug   Object Name

      1174        124         65         56        340       9084   main.o
       176         24          0          0          0        854   ptc_convertion.o
       360         62          0          0          0        967   ptc_decodecmd.o
       198          0          0          0          0       2319   ptc_geter_cmd.o
        56          0          0          0          0       2674   ptc_uart3.o
        36          8        392          0       1024        852   startup_stm32f407xx.o
       172         32          0          9          0       8857   stm32f4xx_hal.o
       304         22          0          0          0      34567   stm32f4xx_hal_cortex.o
       610         26          0          0          0       7525   stm32f4xx_hal_dac.o
        64          0          0          0          0       4169   stm32f4xx_hal_dac_ex.o
      1434         16          8          0          0       7154   stm32f4xx_hal_dma.o
       516         46          0          0          0       1480   stm32f4xx_hal_gpio.o
       500         52          0          0          0       3648   stm32f4xx_hal_msp.o
      1820         84          0          0          0       5720   stm32f4xx_hal_rcc.o
       416         20          0          0          0       1432   stm32f4xx_hal_rcc_ex.o
       922         14          0          0          0       5241   stm32f4xx_hal_rtc.o
       474         76          0          0          0       2730   stm32f4xx_hal_tim.o
       180         30          0          0          0       1360   stm32f4xx_hal_tim_ex.o
      2112         16          0          0          0      11362   stm32f4xx_hal_uart.o
        66         12          0          0          0       5380   stm32f4xx_it.o
        28          4         24          4          0       1199   system_stm32f4xx_1.o
       192         26          0          0         80     703835   uart0_ringbuffer_lib.o

    ----------------------------------------------------------------------
     11828        694        524         72       1444     822409   Object Totals
         0          0         32          0          0          0   (incl. Generated)
        18          0          3          3          0          0   (incl. Padding)

    ----------------------------------------------------------------------

      Code (inc. data)   RO Data    RW Data    ZI Data      Debug   Library Member Name

        84         16          0          0          0        372   dunder.o
       856        142         88          0          0        288   exp.o
        48          0          0          0          0        124   fpclassify.o
       248          0          0          0          0        152   poly.o
         0          0          0          0          0          0   entry.o
         0          0          0          0          0          0   entry10a.o
         0          0          0          0          0          0   entry11a.o
         4          0          0          0          0          0   entry12b.o
         8          4          0          0          0          0   entry2.o
         4          0          0          0          0          0   entry5.o
         0          0          0          0          0          0   entry7b.o
         0          0          0          0          0          0   entry8b.o
         8          4          0          0          0          0   entry9a.o
        12          6          0          4          0         68   errno.o
        30          0          0          0          0          0   handlers.o
        36          8          0          0          0         68   init.o
         0          0          0          0          0          0   iusefp.o
        30          0          0          0          0         68   llshl.o
        36          0          0          0          0         68   llsshr.o
        32          0          0          0          0         68   llushr.o
        36          0          0          0          0        108   memseta.o
        28          0          0          0          0         76   strcmp.o
        14          0          0          0          0         68   strlen.o
        98          0          0          0          0         92   uldiv.o
        48          0          0          0          0         68   cdcmple.o
        48          0          0          0          0         68   cdrcmple.o
       334          0          0          0          0        148   dadd.o
       222          0          0          0          0        100   ddiv.o
       186          0          0          0          0        176   depilogue.o
        62          0          0          0          0         80   dfixi.o
        34          0          0          0          0         76   dflti.o
        26          0          0          0          0         76   dfltui.o
       228          0          0          0          0         96   dmul.o

    ----------------------------------------------------------------------
      2808        180         88          4          0       2508   Library Totals
         8          0          0          0          0          0   (incl. Padding)

    ----------------------------------------------------------------------

      Code (inc. data)   RO Data    RW Data    ZI Data      Debug   Library Name

      1236        158         88          0          0        936   m_wm.l
       376         22          0          4          0        684   mc_w.l
      1188          0          0          0          0        888   mf_w.l

    ----------------------------------------------------------------------
      2808        180         88          4          0       2508   Library Totals

    ----------------------------------------------------------------------

==============================================================================


      Code (inc. data)   RO Data    RW Data    ZI Data      Debug   

     14636        874        612         76       1444     813893   Grand Totals
     14636        874        612         76       1444     813893   ELF Image Totals
     14636        874        612         76          0          0   ROM Totals

==============================================================================

    Total RO  Size (Code + RO Data)                15248 (  14.89kB)
    Total RW  Size (RW Data + ZI Data)              1520 (   1.48kB)
    Total ROM Size (Code + RO Data + RW Data)      15324 (  14.96kB)

==============================================================================

